<html>
<body>
<pre>
<h1>µVision Build Log</h1>
<h2>Tool Versions:</h2>
IDE-Version: •ÏVision V5.21.1.0
Copyright (C) 2016 ARM Ltd and ARM Germany GmbH. All rights reserved.
License Information: Johnny Ha, KPU, LIC=QF830-BKPS6-AR6XW-QM1VM-KRD7E-I1XHI
 
Tool Versions:
Toolchain:       MDK-ARM Plus  Version: 5.21a
Toolchain Path:  D:\Keil_v5\ARM\ARMCC\Bin
C Compiler:      Armcc.exe V5.06 update 3 (build 300)
Assembler:       Armasm.exe V5.06 update 3 (build 300)
Linker/Locator:  ArmLink.exe V5.06 update 3 (build 300)
Library Manager: ArmAr.exe V5.06 update 3 (build 300)
Hex Converter:   FromElf.exe V5.06 update 3 (build 300)
CPU DLL:         SARMCM3.DLL V5.21a
Dialog DLL:      DCM.DLL V1.13.8.0
Target DLL:      STLink\ST-LINKIII-KEIL_SWO.dll V2.0.18.0
Dialog DLL:      TCM.DLL V1.14.14.0
 
<h2>Project:</h2>
D:\Dropbox\STM32_Programming\SD_DRobot_CTRL\MDK-ARM\SD_DRobot_CTRL.uvprojx
Project File Date:  02/06/2020

<h2>Output:</h2>
*** Using Compiler 'V5.06 update 3 (build 300)', folder: 'D:\Keil_v5\ARM\ARMCC\Bin'
Build target 'SD_DRobot_CTRL'
compiling main.c...
../Inc/Defs.h(33): warning:  #375-D: declaration requires a typedef name
  };
../Inc/Defs.h(264): warning:  #375-D: declaration requires a typedef name
  };
../Inc/BNO055.h(35): warning:  #1295-D: Deprecated declaration begin_BNO055 - give arg types
  void begin_BNO055();
../Inc/BNO055.h(57): warning:  #1295-D: Deprecated declaration requestGyroZ - give arg types
    void requestGyroZ();
../Inc/BNO055.h(64): warning:  #1295-D: Deprecated declaration getGyroZ - give arg types
    void getGyroZ();
../Inc/BNO055.h(66): warning:  #1-D: last line of file ends without a newline
  #endif
../Inc/SBB_rccTIM.h(29): warning:  #1-D: last line of file ends without a newline
  #endif
../Src/main.c(276): warning:  #1035-D: single-precision operand implicitly converted to double-precision
  	int16_t ret= s1 + (value-s0)*((e1-s1)/(1.0*(e0-s0)));
../Src/main.c(377): warning:  #167-D: argument of type "char *" is incompatible with parameter of type "uint8_t *"
  		HAL_UART_Receive_IT(&huart4,&(UART_Rx.byte.data),1);
../Src/main.c(410): warning:  #167-D: argument of type "char *" is incompatible with parameter of type "uint8_t *"
  		HAL_UART_Receive_IT(&huart5,&bno055.Uart5.byte.data,1);
../Src/main.c(437): warning:  #1035-D: single-precision operand implicitly converted to double-precision
  	else if(motor_R.speed_Ctrl < motor_R.speed_Goal) motor_R.speed_Ctrl += 
_dt;
../Src/main.c(438): warning:  #1035-D: single-precision operand implicitly converted to double-precision
  	else if(motor_R.speed_Ctrl > motor_R.speed_Goal)  motor_R.speed_Ctrl -= 
_dt;
../Src/main.c(441): warning:  #1035-D: single-precision operand implicitly converted to double-precision
  	else if(motor_L.speed_Ctrl < motor_L.speed_Goal) motor_L.speed_Ctrl += 
_dt;
../Src/main.c(442): warning:  #1035-D: single-precision operand implicitly converted to double-precision
  	else if(motor_L.speed_Ctrl > motor_L.speed_Goal) motor_L.speed_Ctrl -= 
_dt;
../Src/main.c(476): warning:  #1035-D: single-precision operand implicitly converted to double-precision
  		motor_R.speed_pid_data[PID_P] = motor_R.speed_Err* 
_GAIN_RIGHT_CW;
../Src/main.c(478): warning:  #1035-D: single-precision operand implicitly converted to double-precision
  		motor_R.speed_pid_data[PID_D] = motor_R.speed_Err*
_GAIN_RIGHT_CW;
../Src/main.c(481): warning:  #1035-D: single-precision operand implicitly converted to double-precision
  		motor_R.speed_pid_data[PID_P] = motor_R.speed_Err* 
_GAIN_RIGHT_CCW;
../Src/main.c(483): warning:  #1035-D: single-precision operand implicitly converted to double-precision
  		motor_R.speed_pid_data[PID_D] = motor_R.speed_Err*
_GAIN_RIGHT_CCW;
../Src/main.c(487): warning:  #1035-D: single-precision operand implicitly converted to double-precision
  		motor_L.speed_pid_data[PID_P] = motor_L.speed_Err* 
_GAIN_LEFT_CW;
../Src/main.c(489): warning:  #1035-D: single-precision operand implicitly converted to double-precision
  		motor_L.speed_pid_data[PID_D] = motor_L.speed_Err*
_GAIN_LEFT_CW;
../Src/main.c(492): warning:  #1035-D: single-precision operand implicitly converted to double-precision
  		motor_L.speed_pid_data[PID_P] = motor_L.speed_Err* 
_GAIN_LEFT_CCW;
../Src/main.c(494): warning:  #1035-D: single-precision operand implicitly converted to double-precision
  		motor_L.speed_pid_data[PID_D] = motor_L.speed_Err*
_GAIN_LEFT_CCW;
../Src/main.c(498): warning:  #1035-D: single-precision operand implicitly converted to double-precision
  	motor_R.speed_pid_data[PID_DATA] = (
AX_SPEED*(motor_R.speed_Ctrl*
ELOCITY2DUTYGAIN_RIGHT)/100.0 ) + motor_R.speed_pid_data[PID_P] + motor_R.speed_pid_data[PID_D];
../Src/main.c(499): warning:  #1035-D: single-precision operand implicitly converted to double-precision
  	motor_L.speed_pid_data[PID_DATA] = (
AX_SPEED*(motor_L.speed_Ctrl*
ELOCITY2DUTYGAIN_LEFT)/100.0 ) + motor_L.speed_pid_data[PID_P] + motor_L.speed_pid_data[PID_D];
../Src/main.c(514): warning:  #1035-D: single-precision operand implicitly converted to double-precision
  		motor_R.motor_ccr = 
AX_CCR_RIGHT*motor_R.speed_Goal/100.0;
../Src/main.c(515): warning:  #1035-D: single-precision operand implicitly converted to double-precision
  		motor_L.motor_ccr =  
AX_CCR_LEFT*motor_L.speed_Goal/100.0;
../Src/main.c(558): warning:  #1035-D: single-precision operand implicitly converted to double-precision
  	if(motor_R.position_pid_data[PID_I] >=
AX_INTEGRATE) motor_R.position_pid_data[PID_I] = MAX_INTEGRATE;
../Src/main.c(561): warning:  #1035-D: single-precision operand implicitly converted to double-precision
  	if(motor_L.position_pid_data[PID_I] >=
AX_INTEGRATE) motor_L.position_pid_data[PID_I] = MAX_INTEGRATE;
../Src/main.c(714): warning:  #167-D: argument of type "char *" is incompatible with parameter of type "uint8_t *"
  	HAL_UART_Receive_IT(&huart4,&UART_Rx.byte.data,1);
../Src/main.c(715): warning:  #167-D: argument of type "char *" is incompatible with parameter of type "uint8_t *"
  	HAL_UART_Receive_IT(&huart5,&bno055.Uart5.byte.data,1);
../Src/main.c(841): warning:  #167-D: argument of type "char *" is incompatible with parameter of type "uint8_t *"
  					HAL_UART_Receive_IT(&huart4,&UART_Rx.byte.data,1);
../Src/main.c(846): warning:  #167-D: argument of type "char *" is incompatible with parameter of type "uint8_t *"
  					HAL_UART_Receive_IT(&huart5,&bno055.Uart5.byte.data,1);
../Src/main.c(892): warning:  #1035-D: single-precision operand implicitly converted to double-precision
  			AngularSpeed_Now= (1000*(motor_R.speed- motor_L.speed)/
ENGTH)*180/
I;
../Src/main.c(916): warning:  #181-D: argument is incompatible with corresponding format string conversion
  					sscanf(UART_Rx.buf,"<%d,%d,%d>",&Joystick.X,&Joystick.Y,&isMove);
../Src/main.c(916): warning:  #181-D: argument is incompatible with corresponding format string conversion
  					sscanf(UART_Rx.buf,"<%d,%d,%d>",&Joystick.X,&Joystick.Y,&isMove);
../Src/main.c(916): warning:  #181-D: argument is incompatible with corresponding format string conversion
  					sscanf(UART_Rx.buf,"<%d,%d,%d>",&Joystick.X,&Joystick.Y,&isMove);
../Src/main.c(936): warning:  #181-D: argument is incompatible with corresponding format string conversion
  					sscanf(UART_Rx.buf,"<%d,%d,%d>",&Joystick.X,&Joystick.Y,&isMove);
../Src/main.c(936): warning:  #181-D: argument is incompatible with corresponding format string conversion
  					sscanf(UART_Rx.buf,"<%d,%d,%d>",&Joystick.X,&Joystick.Y,&isMove);
../Src/main.c(936): warning:  #181-D: argument is incompatible with corresponding format string conversion
  					sscanf(UART_Rx.buf,"<%d,%d,%d>",&Joystick.X,&Joystick.Y,&isMove);
../Src/main.c(710): warning:  #550-D: variable "nowR" was set but never used
  	int16_t nowR,nowL;
../Src/main.c(710): warning:  #550-D: variable "nowL" was set but never used
  	int16_t nowR,nowL;
../Src/main.c(1378): warning:  #177-D: function "MX_TIM7_Init" was declared but never referenced
  static void MX_TIM7_Init(void)
../Src/main.c: 42 warnings, 0 errors
linking...
Program Size: Code=30040 RO-data=520 RW-data=240 ZI-data=3864  
FromELF: creating hex file...
"SD_DRobot_CTRL\SD_DRobot_CTRL.axf" - 0 Error(s), 42 Warning(s).

<h2>Software Packages used:</h2>

Package Vendor: ARM
                http://www.keil.com/pack/ARM.CMSIS.5.6.0.pack
                ARM::CMSIS:CORE:5.3.0
                CMSIS (Cortex Microcontroller Software Interface Standard)
   * Component: CORE Version: 5.3.0

<h2>Collection of Component include folders:</h2>
  D:\Dropbox\STM32_Programming\SD_DRobot_CTRL\MDK-ARM\RTE
  D:\Keil_v5\ARM\PACK\ARM\CMSIS\5.6.0\CMSIS\Core\Include
  D:\Keil_v5\ARM\PACK\Keil\STM32F4xx_DFP\2.14.0\Drivers\CMSIS\Device\ST\STM32F4xx\Include

<h2>Collection of Component Files used:</h2>

   * Component: ARM::CMSIS:CORE:5.3.0
Build Time Elapsed:  00:00:05
</pre>
</body>
</html>
