Component: ARM Compiler 5.06 update 3 (build 300) Tool: armlink [4d35c9]

==============================================================================

Section Cross References

    startup_stm32f407xx.o(RESET) refers to startup_stm32f407xx.o(STACK) for __initial_sp
    startup_stm32f407xx.o(RESET) refers to startup_stm32f407xx.o(.text) for Reset_Handler
    startup_stm32f407xx.o(RESET) refers to stm32f4xx_it.o(i.NMI_Handler) for NMI_Handler
    startup_stm32f407xx.o(RESET) refers to stm32f4xx_it.o(i.HardFault_Handler) for HardFault_Handler
    startup_stm32f407xx.o(RESET) refers to stm32f4xx_it.o(i.MemManage_Handler) for MemManage_Handler
    startup_stm32f407xx.o(RESET) refers to stm32f4xx_it.o(i.BusFault_Handler) for BusFault_Handler
    startup_stm32f407xx.o(RESET) refers to stm32f4xx_it.o(i.UsageFault_Handler) for UsageFault_Handler
    startup_stm32f407xx.o(RESET) refers to stm32f4xx_it.o(i.SVC_Handler) for SVC_Handler
    startup_stm32f407xx.o(RESET) refers to stm32f4xx_it.o(i.DebugMon_Handler) for DebugMon_Handler
    startup_stm32f407xx.o(RESET) refers to stm32f4xx_it.o(i.PendSV_Handler) for PendSV_Handler
    startup_stm32f407xx.o(RESET) refers to stm32f4xx_it.o(i.SysTick_Handler) for SysTick_Handler
    startup_stm32f407xx.o(RESET) refers to stm32f4xx_it.o(i.ADC_IRQHandler) for ADC_IRQHandler
    startup_stm32f407xx.o(RESET) refers to stm32f4xx_it.o(i.CAN1_TX_IRQHandler) for CAN1_TX_IRQHandler
    startup_stm32f407xx.o(RESET) refers to stm32f4xx_it.o(i.CAN1_RX0_IRQHandler) for CAN1_RX0_IRQHandler
    startup_stm32f407xx.o(RESET) refers to stm32f4xx_it.o(i.TIM1_UP_TIM10_IRQHandler) for TIM1_UP_TIM10_IRQHandler
    startup_stm32f407xx.o(RESET) refers to stm32f4xx_it.o(i.USART2_IRQHandler) for USART2_IRQHandler
    startup_stm32f407xx.o(RESET) refers to stm32f4xx_it.o(i.UART4_IRQHandler) for UART4_IRQHandler
    startup_stm32f407xx.o(RESET) refers to stm32f4xx_it.o(i.UART5_IRQHandler) for UART5_IRQHandler
    startup_stm32f407xx.o(RESET) refers to stm32f4xx_it.o(i.TIM7_IRQHandler) for TIM7_IRQHandler
    startup_stm32f407xx.o(RESET) refers to stm32f4xx_it.o(i.DMA2_Stream0_IRQHandler) for DMA2_Stream0_IRQHandler
    startup_stm32f407xx.o(RESET) refers to stm32f4xx_it.o(i.CAN2_TX_IRQHandler) for CAN2_TX_IRQHandler
    startup_stm32f407xx.o(RESET) refers to stm32f4xx_it.o(i.CAN2_RX0_IRQHandler) for CAN2_RX0_IRQHandler
    startup_stm32f407xx.o(RESET) refers to stm32f4xx_it.o(i.CAN2_RX1_IRQHandler) for CAN2_RX1_IRQHandler
    startup_stm32f407xx.o(.text) refers to system_stm32f4xx.o(i.SystemInit) for SystemInit
    startup_stm32f407xx.o(.text) refers to entry.o(.ARM.Collect$$$$00000000) for __main
    sbb_rcctim.o(i.HAL_TIM_PeriodElapsedCallback) refers to sbb_rcctim.o(.data) for msCnt_10ms
    main.o(i.BT_LOG) refers to strlen.o(.text) for strlen
    main.o(i.BT_LOG) refers to stm32f4xx_hal_uart.o(i.HAL_UART_Transmit_IT) for HAL_UART_Transmit_IT
    main.o(i.BT_LOG) refers to main.o(.bss) for UART4_Tx
    main.o(i.DC_PID_Position_Ctrl) refers to f2d.o(.text) for __aeabi_f2d
    main.o(i.DC_PID_Position_Ctrl) refers to cdrcmple.o(.text) for __aeabi_cdrcmple
    main.o(i.DC_PID_Position_Ctrl) refers to cdcmple.o(.text) for __aeabi_cdcmple
    main.o(i.DC_PID_Position_Ctrl) refers to main.o(i.mapf2) for mapf2
    main.o(i.DC_PID_Position_Ctrl) refers to stm32f4xx_hal_gpio.o(i.HAL_GPIO_WritePin) for HAL_GPIO_WritePin
    main.o(i.DC_PID_Position_Ctrl) refers to main.o(.data) for rEnc_Cnt
    main.o(i.DC_PID_Position_Ctrl) refers to main.o(.bss) for motor_R
    main.o(i.DC_PID_Speed_Ctrl) refers to f2d.o(.text) for __aeabi_f2d
    main.o(i.DC_PID_Speed_Ctrl) refers to fabs.o(i.__hardfp_fabs) for __hardfp_fabs
    main.o(i.DC_PID_Speed_Ctrl) refers to cdcmple.o(.text) for __aeabi_cdcmple
    main.o(i.DC_PID_Speed_Ctrl) refers to dadd.o(.text) for __aeabi_dadd
    main.o(i.DC_PID_Speed_Ctrl) refers to d2f.o(.text) for __aeabi_d2f
    main.o(i.DC_PID_Speed_Ctrl) refers to dmul.o(.text) for __aeabi_dmul
    main.o(i.DC_PID_Speed_Ctrl) refers to ddiv.o(.text) for __aeabi_ddiv
    main.o(i.DC_PID_Speed_Ctrl) refers to cdrcmple.o(.text) for __aeabi_cdrcmple
    main.o(i.DC_PID_Speed_Ctrl) refers to main.o(i.sgn) for sgn
    main.o(i.DC_PID_Speed_Ctrl) refers to dflti.o(.text) for __aeabi_i2d
    main.o(i.DC_PID_Speed_Ctrl) refers to main.o(.bss) for motor_R
    main.o(i.DC_PID_Speed_Ctrl) refers to main.o(.data) for AngleGoal
    main.o(i.DC_PID_Speed_Ctrl) refers to main.o(i.mapf2) for mapf2
    main.o(i.DC_PID_Speed_Ctrl) refers to stm32f4xx_hal_gpio.o(i.HAL_GPIO_WritePin) for HAL_GPIO_WritePin
    main.o(i.HAL_UART_RxCpltCallback) refers to stm32f4xx_hal_uart.o(i.HAL_UART_Receive_IT) for HAL_UART_Receive_IT
    main.o(i.HAL_UART_RxCpltCallback) refers to stm32f4xx_hal_gpio.o(i.HAL_GPIO_TogglePin) for HAL_GPIO_TogglePin
    main.o(i.HAL_UART_RxCpltCallback) refers to main.o(.bss) for UART_Rx
[...]
    .text                                    0x080009ae   Section        0  depilogue.o(.text)
    .text                                    0x08000a68   Section        0  dfixul.o(.text)
    .text                                    0x08000a98   Section       36  init.o(.text)
    .text                                    0x08000abc   Section        0  isspace_c.o(.text)
    .text                                    0x08000ac8   Section        0  _scanf.o(.text)
    .text                                    0x08000df4   Section        0  ctype_c.o(.text)
    i.ADC_IRQHandler                         0x08000e1c   Section        0  stm32f4xx_it.o(i.ADC_IRQHandler)
    i.ADC_Init                               0x08000e2c   Section        0  stm32f4xx_hal_adc.o(i.ADC_Init)
    ADC_Init                                 0x08000e2d   Thumb Code   344  stm32f4xx_hal_adc.o(i.ADC_Init)
    i.BusFault_Handler                       0x08000f8c   Section        0  stm32f4xx_it.o(i.BusFault_Handler)
    i.CAN1_RX0_IRQHandler                    0x08000f90   Section        0  stm32f4xx_it.o(i.CAN1_RX0_IRQHandler)
    i.CAN1_TX_IRQHandler                     0x08000fa0   Section        0  stm32f4xx_it.o(i.CAN1_TX_IRQHandler)
    i.CAN2_RX0_IRQHandler                    0x08000fb0   Section        0  stm32f4xx_it.o(i.CAN2_RX0_IRQHandler)
    i.CAN2_RX1_IRQHandler                    0x08000fc0   Section        0  stm32f4xx_it.o(i.CAN2_RX1_IRQHandler)
    i.CAN2_TX_IRQHandler                     0x08000fd0   Section        0  stm32f4xx_it.o(i.CAN2_TX_IRQHandler)
    i.DC_PID_Position_Ctrl                   0x08000fe0   Section        0  main.o(i.DC_PID_Position_Ctrl)
    i.DC_PID_Speed_Ctrl                      0x08001238   Section        0  main.o(i.DC_PID_Speed_Ctrl)
    i.DMA2_Stream0_IRQHandler                0x08001b18   Section        0  stm32f4xx_it.o(i.DMA2_Stream0_IRQHandler)
    i.DMA_CalcBaseAndBitshift                0x08001b28   Section        0  stm32f4xx_hal_dma.o(i.DMA_CalcBaseAndBitshift)
    DMA_CalcBaseAndBitshift                  0x08001b29   Thumb Code    46  stm32f4xx_hal_dma.o(i.DMA_CalcBaseAndBitshift)
    i.DMA_CheckFifoParam                     0x08001b5c   Section        0  stm32f4xx_hal_dma.o(i.DMA_CheckFifoParam)
    DMA_CheckFifoParam                       0x08001b5d   Thumb Code   170  stm32f4xx_hal_dma.o(i.DMA_CheckFifoParam)
    i.DebugMon_Handler                       0x08001c06   Section        0  stm32f4xx_it.o(i.DebugMon_Handler)
    i.Error_Handler                          0x08001c08   Section        0  main.o(i.Error_Handler)
    i.HAL_ADCEx_InjectedConvCpltCallback     0x08001c0a   Section        0  stm32f4xx_hal_adc_ex.o(i.HAL_ADCEx_InjectedConvCpltCallback)
    i.HAL_ADC_ConfigChannel                  0x08001c0c   Section        0  stm32f4xx_hal_adc.o(i.HAL_ADC_ConfigChannel)
    i.HAL_ADC_ConvCpltCallback               0x08001d98   Section        0  stm32f4xx_hal_adc.o(i.HAL_ADC_ConvCpltCallback)
    i.HAL_ADC_ErrorCallback                  0x08001d9a   Section        0  stm32f4xx_hal_adc.o(i.HAL_ADC_ErrorCallback)
    i.HAL_ADC_IRQHandler                     0x08001d9c   Section        0  stm32f4xx_hal_adc.o(i.HAL_ADC_IRQHandler)
    i.HAL_ADC_Init                           0x08001f10   Section        0  stm32f4xx_hal_adc.o(i.HAL_ADC_Init)
    i.HAL_ADC_LevelOutOfWindowCallback       0x08001f78   Section        0  stm32f4xx_hal_adc.o(i.HAL_ADC_LevelOutOfWindowCallback)
    i.HAL_ADC_MspInit                        0x08001f7c   Section        0  stm32f4xx_hal_msp.o(i.HAL_ADC_MspInit)
    i.HAL_CAN_ErrorCallback                  0x08002050   Section        0  stm32f4xx_hal_can.o(i.HAL_CAN_ErrorCallback)
    i.HAL_CAN_IRQHandler                     0x08002052   Section        0  stm32f4xx_hal_can.o(i.HAL_CAN_IRQHandler)
    i.HAL_CAN_Init                           0x080022a0   Section        0  stm32f4xx_hal_can.o(i.HAL_CAN_Init)
    i.HAL_CAN_MspInit                        0x08002414   Section        0  stm32f4xx_hal_msp.o(i.HAL_CAN_MspInit)
    i.HAL_CAN_RxFifo0FullCallback            0x080025a4   Section        0  stm32f4xx_hal_can.o(i.HAL_CAN_RxFifo0FullCallback)
    i.HAL_CAN_RxFifo0MsgPendingCallback      0x080025a6   Section        0  stm32f4xx_hal_can.o(i.HAL_CAN_RxFifo0MsgPendingCallback)
    i.HAL_CAN_RxFifo1FullCallback            0x080025a8   Section        0  stm32f4xx_hal_can.o(i.HAL_CAN_RxFifo1FullCallback)
    i.HAL_CAN_RxFifo1MsgPendingCallback      0x080025aa   Section        0  stm32f4xx_hal_can.o(i.HAL_CAN_RxFifo1MsgPendingCallback)
    i.HAL_CAN_SleepCallback                  0x080025ac   Section        0  stm32f4xx_hal_can.o(i.HAL_CAN_SleepCallback)
    i.HAL_CAN_TxMailbox0AbortCallback        0x080025ae   Section        0  stm32f4xx_hal_can.o(i.HAL_CAN_TxMailbox0AbortCallback)
    i.HAL_CAN_TxMailbox0CompleteCallback     0x080025b0   Section        0  stm32f4xx_hal_can.o(i.HAL_CAN_TxMailbox0CompleteCallback)
    i.HAL_CAN_TxMailbox1AbortCallback        0x080025b2   Section        0  stm32f4xx_hal_can.o(i.HAL_CAN_TxMailbox1AbortCallback)
    i.HAL_CAN_TxMailbox1CompleteCallback     0x080025b4   Section        0  stm32f4xx_hal_can.o(i.HAL_CAN_TxMailbox1CompleteCallback)
    i.HAL_CAN_TxMailbox2AbortCallback        0x080025b6   Section        0  stm32f4xx_hal_can.o(i.HAL_CAN_TxMailbox2AbortCallback)
    i.HAL_CAN_TxMailbox2CompleteCallback     0x080025b8   Section        0  stm32f4xx_hal_can.o(i.HAL_CAN_TxMailbox2CompleteCallback)
    i.HAL_CAN_WakeUpFromRxMsgCallback        0x080025ba   Section        0  stm32f4xx_hal_can.o(i.HAL_CAN_WakeUpFromRxMsgCallback)
    i.HAL_DMA_Abort_IT                       0x080025bc   Section        0  stm32f4xx_hal_dma.o(i.HAL_DMA_Abort_IT)
    i.HAL_DMA_IRQHandler                     0x080025e4   Section        0  stm32f4xx_hal_dma.o(i.HAL_DMA_IRQHandler)
    i.HAL_DMA_Init                           0x08002824   Section        0  stm32f4xx_hal_dma.o(i.HAL_DMA_Init)
    i.HAL_Delay                              0x08002910   Section        0  stm32f4xx_hal.o(i.HAL_Delay)
    i.HAL_GPIO_Init                          0x08002938   Section        0  stm32f4xx_hal_gpio.o(i.HAL_GPIO_Init)
    i.HAL_GPIO_ReadPin                       0x08002b38   Section        0  stm32f4xx_hal_gpio.o(i.HAL_GPIO_ReadPin)
    i.HAL_GPIO_TogglePin                     0x08002b48   Section        0  stm32f4xx_hal_gpio.o(i.HAL_GPIO_TogglePin)
    i.HAL_GPIO_WritePin                      0x08002b5a   Section        0  stm32f4xx_hal_gpio.o(i.HAL_GPIO_WritePin)
    i.HAL_GetTick                            0x08002b68   Section        0  stm32f4xx_hal.o(i.HAL_GetTick)
    i.HAL_I2C_Init                           0x08002b74   Section        0  stm32f4xx_hal_i2c.o(i.HAL_I2C_Init)
    i.HAL_I2C_MspInit                        0x08002d44   Section        0  stm32f4xx_hal_msp.o(i.HAL_I2C_MspInit)
    i.HAL_IncTick                            0x08002dcc   Section        0  stm32f4xx_hal.o(i.HAL_IncTick)
    i.HAL_Init                               0x08002de4   Section        0  stm32f4xx_hal.o(i.HAL_Init)
    i.HAL_InitTick                           0x08002e20   Section        0  stm32f4xx_hal.o(i.HAL_InitTick)
    i.HAL_MspInit                            0x08002e6c   Section        0  stm32f4xx_hal_msp.o(i.HAL_MspInit)
    i.HAL_NVIC_EnableIRQ                     0x08002eb4   Section        0  stm32f4xx_hal_cortex.o(i.HAL_NVIC_EnableIRQ)
    i.HAL_NVIC_SetPriority                   0x08002ed4   Section        0  stm32f4xx_hal_cortex.o(i.HAL_NVIC_SetPriority)
    i.HAL_NVIC_SetPriorityGrouping           0x08002f50   Section        0  stm32f4xx_hal_cortex.o(i.HAL_NVIC_SetPriorityGrouping)
    i.HAL_RCC_ClockConfig                    0x08002f78   Section        0  stm32f4xx_hal_rcc.o(i.HAL_RCC_ClockConfig)
    i.HAL_RCC_GetHCLKFreq                    0x080030fc   Section        0  stm32f4xx_hal_rcc.o(i.HAL_RCC_GetHCLKFreq)
    i.HAL_RCC_GetPCLK1Freq                   0x08003108   Section        0  stm32f4xx_hal_rcc.o(i.HAL_RCC_GetPCLK1Freq)
    i.HAL_RCC_GetPCLK2Freq                   0x08003128   Section        0  stm32f4xx_hal_rcc.o(i.HAL_RCC_GetPCLK2Freq)
    i.HAL_RCC_GetSysClockFreq                0x08003148   Section        0  stm32f4xx_hal_rcc.o(i.HAL_RCC_GetSysClockFreq)
    i.HAL_RCC_OscConfig                      0x080031f8   Section        0  stm32f4xx_hal_rcc.o(i.HAL_RCC_OscConfig)
    i.HAL_SPI_Init                           0x08003680   Section        0  stm32f4xx_hal_spi.o(i.HAL_SPI_Init)
    i.HAL_SPI_MspInit                        0x0800370c   Section        0  stm32f4xx_hal_msp.o(i.HAL_SPI_MspInit)
    i.HAL_SYSTICK_Config                     0x08003794   Section        0  stm32f4xx_hal_cortex.o(i.HAL_SYSTICK_Config)
    i.HAL_TIMEx_BreakCallback                0x080037c8   Section        0  stm32f4xx_hal_tim_ex.o(i.HAL_TIMEx_BreakCallback)
    i.HAL_TIMEx_CommutCallback               0x080037ca   Section        0  stm32f4xx_hal_tim_ex.o(i.HAL_TIMEx_CommutCallback)
    i.HAL_TIMEx_ConfigBreakDeadTime          0x080037cc   Section        0  stm32f4xx_hal_tim_ex.o(i.HAL_TIMEx_ConfigBreakDeadTime)
    i.HAL_TIMEx_MasterConfigSynchronization  0x08003840   Section        0  stm32f4xx_hal_tim_ex.o(i.HAL_TIMEx_MasterConfigSynchronization)
    i.HAL_TIM_Base_Init                      0x080038f4   Section        0  stm32f4xx_hal_tim.o(i.HAL_TIM_Base_Init)
    i.HAL_TIM_Base_MspInit                   0x08003928   Section        0  stm32f4xx_hal_msp.o(i.HAL_TIM_Base_MspInit)
    i.HAL_TIM_Base_Start_IT                  0x080039b0   Section        0  stm32f4xx_hal_tim.o(i.HAL_TIM_Base_Start_IT)
    i.HAL_TIM_Encoder_Init                   0x080039da   Section        0  stm32f4xx_hal_tim.o(i.HAL_TIM_Encoder_Init)
    i.HAL_TIM_Encoder_MspInit                0x08003a88   Section        0  stm32f4xx_hal_msp.o(i.HAL_TIM_Encoder_MspInit)
    i.HAL_TIM_Encoder_Start                  0x08003bd0   Section        0  stm32f4xx_hal_tim.o(i.HAL_TIM_Encoder_Start)
    i.HAL_TIM_IC_CaptureCallback             0x08003c1e   Section        0  stm32f4xx_hal_tim.o(i.HAL_TIM_IC_CaptureCallback)
    i.HAL_TIM_IRQHandler                     0x08003c20   Section        0  stm32f4xx_hal_tim.o(i.HAL_TIM_IRQHandler)
    i.HAL_TIM_MspPostInit                    0x08003db8   Section        0  stm32f4xx_hal_msp.o(i.HAL_TIM_MspPostInit)
    i.HAL_TIM_OC_DelayElapsedCallback        0x08003e68   Section        0  stm32f4xx_hal_tim.o(i.HAL_TIM_OC_DelayElapsedCallback)
    i.HAL_TIM_PWM_ConfigChannel              0x08003e6a   Section        0  stm32f4xx_hal_tim.o(i.HAL_TIM_PWM_ConfigChannel)
    i.HAL_TIM_PWM_Init                       0x08003f72   Section        0  stm32f4xx_hal_tim.o(i.HAL_TIM_PWM_Init)
    i.HAL_TIM_PWM_MspInit                    0x08003fa8   Section        0  stm32f4xx_hal_msp.o(i.HAL_TIM_PWM_MspInit)
    i.HAL_TIM_PWM_PulseFinishedCallback      0x0800400c   Section        0  stm32f4xx_hal_tim.o(i.HAL_TIM_PWM_PulseFinishedCallback)
    i.HAL_TIM_PWM_Start                      0x08004010   Section        0  stm32f4xx_hal_tim.o(i.HAL_TIM_PWM_Start)
    i.HAL_TIM_PeriodElapsedCallback          0x08004068   Section        0  sbb_rcctim.o(i.HAL_TIM_PeriodElapsedCallback)
    i.HAL_TIM_TriggerCallback                0x080041d4   Section        0  stm32f4xx_hal_tim.o(i.HAL_TIM_TriggerCallback)
    i.HAL_UART_ErrorCallback                 0x080041d6   Section        0  stm32f4xx_hal_uart.o(i.HAL_UART_ErrorCallback)
    i.HAL_UART_IRQHandler                    0x080041d8   Section        0  stm32f4xx_hal_uart.o(i.HAL_UART_IRQHandler)
    i.HAL_UART_Init                          0x0800432c   Section        0  stm32f4xx_hal_uart.o(i.HAL_UART_Init)
    i.HAL_UART_MspInit                       0x080043a0   Section        0  stm32f4xx_hal_msp.o(i.HAL_UART_MspInit)
    i.HAL_UART_Receive_IT                    0x08004578   Section        0  stm32f4xx_hal_uart.o(i.HAL_UART_Receive_IT)
    i.HAL_UART_RxCpltCallback                0x080045e8   Section        0  main.o(i.HAL_UART_RxCpltCallback)
    i.HAL_UART_Transmit_IT                   0x08004744   Section        0  stm32f4xx_hal_uart.o(i.HAL_UART_Transmit_IT)
    i.HAL_UART_TxCpltCallback                0x0800479c   Section        0  main.o(i.HAL_UART_TxCpltCallback)
    i.HardFault_Handler                      0x08004880   Section        0  stm32f4xx_it.o(i.HardFault_Handler)
    i.MX_ADC1_Init                           0x08004884   Section        0  main.o(i.MX_ADC1_Init)
    MX_ADC1_Init                             0x08004885   Thumb Code   158  main.o(i.MX_ADC1_Init)
    i.MX_CAN1_Init                           0x08004930   Section        0  main.o(i.MX_CAN1_Init)
    MX_CAN1_Init                             0x08004931   Thumb Code    58  main.o(i.MX_CAN1_Init)
    i.MX_CAN2_Init                           0x08004974   Section        0  main.o(i.MX_CAN2_Init)
    MX_CAN2_Init                             0x08004975   Thumb Code    58  main.o(i.MX_CAN2_Init)
    i.MX_DMA_Init                            0x080049b8   Section        0  main.o(i.MX_DMA_Init)
    MX_DMA_Init                              0x080049b9   Thumb Code    52  main.o(i.MX_DMA_Init)
    i.MX_GPIO_Init                           0x080049f0   Section        0  main.o(i.MX_GPIO_Init)
    MX_GPIO_Init                             0x080049f1   Thumb Code   442  main.o(i.MX_GPIO_Init)
    i.MX_I2C1_Init                           0x08004bc4   Section        0  main.o(i.MX_I2C1_Init)
    MX_I2C1_Init                             0x08004bc5   Thumb Code    48  main.o(i.MX_I2C1_Init)
    i.MX_SPI1_Init                           0x08004c00   Section        0  main.o(i.MX_SPI1_Init)
    MX_SPI1_Init                             0x08004c01   Thumb Code    60  main.o(i.MX_SPI1_Init)
    i.MX_TIM10_Init                          0x08004c44   Section        0  main.o(i.MX_TIM10_Init)
    MX_TIM10_Init                            0x08004c45   Thumb Code    42  main.o(i.MX_TIM10_Init)
    i.MX_TIM1_Init                           0x08004c78   Section        0  main.o(i.MX_TIM1_Init)
    MX_TIM1_Init                             0x08004c79   Thumb Code   116  main.o(i.MX_TIM1_Init)
    i.MX_TIM3_Init                           0x08004cf4   Section        0  main.o(i.MX_TIM3_Init)
    MX_TIM3_Init                             0x08004cf5   Thumb Code   116  main.o(i.MX_TIM3_Init)
    i.MX_TIM4_Init                           0x08004d70   Section        0  main.o(i.MX_TIM4_Init)
    MX_TIM4_Init                             0x08004d71   Thumb Code   114  main.o(i.MX_TIM4_Init)
    i.MX_TIM8_Init                           0x08004dec   Section        0  main.o(i.MX_TIM8_Init)
    MX_TIM8_Init                             0x08004ded   Thumb Code   164  main.o(i.MX_TIM8_Init)
    i.MX_UART4_Init                          0x08004e98   Section        0  main.o(i.MX_UART4_Init)
    MX_UART4_Init                            0x08004e99   Thumb Code    46  main.o(i.MX_UART4_Init)
    i.MX_UART5_Init                          0x08004ed0   Section        0  main.o(i.MX_UART5_Init)
    MX_UART5_Init                            0x08004ed1   Thumb Code    46  main.o(i.MX_UART5_Init)
    i.MX_USART2_UART_Init                    0x08004f08   Section        0  main.o(i.MX_USART2_UART_Init)
    MX_USART2_UART_Init                      0x08004f09   Thumb Code    46  main.o(i.MX_USART2_UART_Init)
    i.MemManage_Handler                      0x08004f40   Section        0  stm32f4xx_it.o(i.MemManage_Handler)
    i.NMI_Handler                            0x08004f44   Section        0  stm32f4xx_it.o(i.NMI_Handler)
    i.PendSV_Handler                         0x08004f46   Section        0  stm32f4xx_it.o(i.PendSV_Handler)
    i.SVC_Handler                            0x08004f48   Section        0  stm32f4xx_it.o(i.SVC_Handler)
    i.Send_UART5_data                        0x08004f4c   Section        0  main.o(i.Send_UART5_data)
    i.Send_USART2                            0x08004fa0   Section        0  main.o(i.Send_USART2)
    i.SysTick_Handler                        0x08004ff0   Section        0  stm32f4xx_it.o(i.SysTick_Handler)
    i.SystemClock_Config                     0x08004ff8   Section        0  main.o(i.SystemClock_Config)
    i.SystemInit                             0x080050ac   Section        0  system_stm32f4xx.o(i.SystemInit)
    i.TIM1_UP_TIM10_IRQHandler               0x080050c8   Section        0  stm32f4xx_it.o(i.TIM1_UP_TIM10_IRQHandler)
    i.TIM7_IRQHandler                        0x080050e0   Section        0  stm32f4xx_it.o(i.TIM7_IRQHandler)
    i.TIM_Base_SetConfig                     0x080050f0   Section        0  stm32f4xx_hal_tim.o(i.TIM_Base_SetConfig)
    i.TIM_CCxChannelCmd                      0x080051c8   Section        0  stm32f4xx_hal_tim.o(i.TIM_CCxChannelCmd)
    i.TIM_OC1_SetConfig                      0x080051ec   Section        0  stm32f4xx_hal_tim.o(i.TIM_OC1_SetConfig)
    TIM_OC1_SetConfig                        0x080051ed   Thumb Code   104  stm32f4xx_hal_tim.o(i.TIM_OC1_SetConfig)
    i.TIM_OC2_SetConfig                      0x0800525c   Section        0  stm32f4xx_hal_tim.o(i.TIM_OC2_SetConfig)
    i.TIM_OC3_SetConfig                      0x080052d8   Section        0  stm32f4xx_hal_tim.o(i.TIM_OC3_SetConfig)
    TIM_OC3_SetConfig                        0x080052d9   Thumb Code   112  stm32f4xx_hal_tim.o(i.TIM_OC3_SetConfig)
    i.TIM_OC4_SetConfig                      0x08005350   Section        0  stm32f4xx_hal_tim.o(i.TIM_OC4_SetConfig)
    TIM_OC4_SetConfig                        0x08005351   Thumb Code    74  stm32f4xx_hal_tim.o(i.TIM_OC4_SetConfig)
    i.UART4_IRQHandler                       0x080053a4   Section        0  stm32f4xx_it.o(i.UART4_IRQHandler)
    i.UART5_IRQHandler                       0x080053b4   Section        0  stm32f4xx_it.o(i.UART5_IRQHandler)
    i.UART_DMAAbortOnError                   0x080053c4   Section        0  stm32f4xx_hal_uart.o(i.UART_DMAAbortOnError)
    UART_DMAAbortOnError                     0x080053c5   Thumb Code    20  stm32f4xx_hal_uart.o(i.UART_DMAAbortOnError)
    i.UART_EndRxTransfer                     0x080053d8   Section        0  stm32f4xx_hal_uart.o(i.UART_EndRxTransfer)
    UART_EndRxTransfer                       0x080053d9   Thumb Code    32  stm32f4xx_hal_uart.o(i.UART_EndRxTransfer)
    i.UART_EndTransmit_IT                    0x080053f8   Section        0  stm32f4xx_hal_uart.o(i.UART_EndTransmit_IT)
    UART_EndTransmit_IT                      0x080053f9   Thumb Code    32  stm32f4xx_hal_uart.o(i.UART_EndTransmit_IT)
    i.UART_Receive_IT                        0x08005418   Section        0  stm32f4xx_hal_uart.o(i.UART_Receive_IT)
    UART_Receive_IT                          0x08005419   Thumb Code   166  stm32f4xx_hal_uart.o(i.UART_Receive_IT)
    i.UART_SetConfig                         0x080054c0   Section        0  stm32f4xx_hal_uart.o(i.UART_SetConfig)
    UART_SetConfig                           0x080054c1   Thumb Code   992  stm32f4xx_hal_uart.o(i.UART_SetConfig)
    i.UART_Transmit_IT                       0x080058a8   Section        0  stm32f4xx_hal_uart.o(i.UART_Transmit_IT)
    UART_Transmit_IT                         0x080058a9   Thumb Code   104  stm32f4xx_hal_uart.o(i.UART_Transmit_IT)
    i.USART2_IRQHandler                      0x08005910   Section        0  stm32f4xx_it.o(i.USART2_IRQHandler)
    i.UsageFault_Handler                     0x08005920   Section        0  stm32f4xx_it.o(i.UsageFault_Handler)
    i.__0sprintf                             0x08005924   Section        0  printfa.o(i.__0sprintf)
    i.__NVIC_GetPriorityGrouping             0x0800594c   Section        0  stm32f4xx_hal_cortex.o(i.__NVIC_GetPriorityGrouping)
    __NVIC_GetPriorityGrouping               0x0800594d   Thumb Code    10  stm32f4xx_hal_cortex.o(i.__NVIC_GetPriorityGrouping)
    i.__NVIC_SetPriority                     0x0800595c   Section        0  stm32f4xx_hal_cortex.o(i.__NVIC_SetPriority)
    __NVIC_SetPriority                       0x0800595d   Thumb Code    32  stm32f4xx_hal_cortex.o(i.__NVIC_SetPriority)
    i.__hardfp_fabs                          0x08005984   Section        0  fabs.o(i.__hardfp_fabs)
    i.__scatterload_copy                     0x08005998   Section       14  handlers.o(i.__scatterload_copy)
    i.__scatterload_null                     0x080059a6   Section        2  handlers.o(i.__scatterload_null)
    i.__scatterload_zeroinit                 0x080059a8   Section       14  handlers.o(i.__scatterload_zeroinit)
    i._fp_digits                             0x080059b8   Section        0  printfa.o(i._fp_digits)
    _fp_digits                               0x080059b9   Thumb Code   366  printfa.o(i._fp_digits)
    i._printf_core                           0x08005b3c   Section        0  printfa.o(i._printf_core)
    _printf_core                             0x08005b3d   Thumb Code  1744  printfa.o(i._printf_core)
    i._printf_post_padding                   0x08006218   Section        0  printfa.o(i._printf_post_padding)
    _printf_post_padding                     0x08006219   Thumb Code    36  printfa.o(i._printf_post_padding)
    i._printf_pre_padding                    0x0800623c   Section        0  printfa.o(i._printf_pre_padding)
    _printf_pre_padding                      0x0800623d   Thumb Code    46  printfa.o(i._printf_pre_padding)
    i._sputc                                 0x0800626a   Section        0  printfa.o(i._sputc)
    _sputc                                   0x0800626b   Thumb Code    10  printfa.o(i._sputc)
    i.begin_BNO055                           0x08006274   Section        0  bno055.o(i.begin_BNO055)
    i.calcVector                             0x080063dc   Section        0  bno055.o(i.calcVector)
    i.calc_Goal_Speed                        0x080066e0   Section        0  main.o(i.calc_Goal_Speed)
    i.main                                   0x08006a44   Section        0  main.o(i.main)
    i.mapf                                   0x08007470   Section        0  main.o(i.mapf)
    i.mapf2                                  0x08007538   Section        0  main.o(i.mapf2)
    i.reg_read                               0x08007634   Section        0  bno055.o(i.reg_read)
    i.reg_write8                             0x08007670   Section        0  bno055.o(i.reg_write8)
    i.requestVector                          0x080076b4   Section        0  bno055.o(i.requestVector)
    i.sgn                                    0x080076cc   Section        0  main.o(i.sgn)
    .constdata                               0x080076e0   Section        8  stm32f4xx_hal_dma.o(.constdata)
    flagBitshiftOffset                       0x080076e0   Data           8  stm32f4xx_hal_dma.o(.constdata)
    .constdata                               0x080076e8   Section       24  system_stm32f4xx.o(.constdata)
    .constdata                               0x08007700   Section       64  ctype_c.o(.constdata)
    .data                                    0x20000000   Section       64  sbb_rcctim.o(.data)
    usCnt_1us                                0x20000020   Data           4  sbb_rcctim.o(.data)
    msCnt_1ms                                0x20000024   Data           4  sbb_rcctim.o(.data)
    msCnt_3ms                                0x20000028   Data           4  sbb_rcctim.o(.data)
    msCnt_5ms                                0x2000002c   Data           4  sbb_rcctim.o(.data)
    msCnt_10ms                               0x20000030   Data           4  sbb_rcctim.o(.data)
    msCnt_20ms_mid                           0x20000034   Data           4  sbb_rcctim.o(.data)
    msCnt_100ms                              0x20000038   Data           4  sbb_rcctim.o(.data)
    msCnt_1000ms                             0x2000003c   Data           4  sbb_rcctim.o(.data)
    .data                                    0x20000040   Section      154  main.o(.data)
    .data                                    0x200000dc   Section        4  stm32f4xx_hal_msp.o(.data)
    HAL_RCC_CAN1_CLK_ENABLED                 0x200000dc   Data           4  stm32f4xx_hal_msp.o(.data)
    .data                                    0x200000e0   Section        9  stm32f4xx_hal.o(.data)
    .data                                    0x200000ec   Section        4  system_stm32f4xx.o(.data)
    .bss                                     0x200000f0   Section     2600  main.o(.bss)
    .bss                                     0x20000b18   Section      240  bno055.o(.bss)
    STACK                                    0x20000c08   Section     1024  startup_stm32f407xx.o(STACK)

    Global Symbols

    Symbol Name                              Value     Ov Type        Size  Object(Section)

    BuildAttributes$$THM_ISAv4$E$P$D$K$B$S$7EM$VFPi3$EXTD16$VFPS$VFMA$PE$A:L22UL41UL21$X:L11$S22US41US21$IEEE1$IW$USESV6$~STKCKD$USESV7$~SHL$OTIME$ROPI$IEEEJ$EBA8$MICROLIB$REQ8$PRES8$EABIv2 0x00000000   Number         0  anon$$obj.o ABSOLUTE
    __ARM_use_no_argv                        0x00000000   Number         0  main.o ABSOLUTE
    _printf_a                                0x00000000   Number         0  stubs.o ABSOLUTE
    _printf_c                                0x00000000   Number         0  stubs.o ABSOLUTE
    _printf_charcount                        0x00000000   Number         0  stubs.o ABSOLUTE
    _printf_d                                0x00000000   Number         0  stubs.o ABSOLUTE
    _printf_e                                0x00000000   Number         0  stubs.o ABSOLUTE
    _printf_f                                0x00000000   Number         0  stubs.o ABSOLUTE
    _printf_flags                            0x00000000   Number         0  stubs.o ABSOLUTE
    _printf_fp_dec                           0x00000000   Number         0  stubs.o ABSOLUTE
    _printf_fp_hex                           0x00000000   Number         0  stubs.o ABSOLUTE
    _printf_g                                0x00000000   Number         0  stubs.o ABSOLUTE
    _printf_i                                0x00000000   Number         0  stubs.o ABSOLUTE
    _printf_int_dec                          0x00000000   Number         0  stubs.o ABSOLUTE
    _printf_l                                0x00000000   Number         0  stubs.o ABSOLUTE
    _printf_lc                               0x00000000   Number         0  stubs.o ABSOLUTE
    _printf_ll                               0x00000000   Number         0  stubs.o ABSOLUTE
    _printf_lld                              0x00000000   Number         0  stubs.o ABSOLUTE
    _printf_lli                              0x00000000   Number         0  stubs.o ABSOLUTE
    _printf_llo                              0x00000000   Number         0  stubs.o ABSOLUTE
    _printf_llu                              0x00000000   Number         0  stubs.o ABSOLUTE
    _printf_llx                              0x00000000   Number         0  stubs.o ABSOLUTE
    _printf_longlong_dec                     0x00000000   Number         0  stubs.o ABSOLUTE
    _printf_longlong_hex                     0x00000000   Number         0  stubs.o ABSOLUTE
    _printf_longlong_oct                     0x00000000   Number         0  stubs.o ABSOLUTE
    _printf_ls                               0x00000000   Number         0  stubs.o ABSOLUTE
    _printf_mbtowc                           0x00000000   Number         0  stubs.o ABSOLUTE
    _printf_n                                0x00000000   Number         0  stubs.o ABSOLUTE
    _printf_o                                0x00000000   Number         0  stubs.o ABSOLUTE
    _printf_p                                0x00000000   Number         0  stubs.o ABSOLUTE
    _printf_percent                          0x00000000   Number         0  stubs.o ABSOLUTE
    _printf_pre_padding                      0x00000000   Number         0  stubs.o ABSOLUTE
    _printf_return_value                     0x00000000   Number         0  stubs.o ABSOLUTE
    _printf_s                                0x00000000   Number         0  stubs.o ABSOLUTE
    _printf_sizespec                         0x00000000   Number         0  stubs.o ABSOLUTE
    _printf_str                              0x00000000   Number         0  stubs.o ABSOLUTE
    _printf_truncate_signed                  0x00000000   Number         0  stubs.o ABSOLUTE
    _printf_truncate_unsigned                0x00000000   Number         0  stubs.o ABSOLUTE
    _printf_u                                0x00000000   Number         0  stubs.o ABSOLUTE
    _printf_wc                               0x00000000   Number         0  stubs.o ABSOLUTE
    _printf_wctomb                           0x00000000   Number         0  stubs.o ABSOLUTE
    _printf_widthprec                        0x00000000   Number         0  stubs.o ABSOLUTE
    _printf_x                                0x00000000   Number         0  stubs.o ABSOLUTE
    __cpp_initialize__aeabi_                  - Undefined Weak Reference
    __cxa_finalize                            - Undefined Weak Reference
    __decompress                              - Undefined Weak Reference
    _clock_init                               - Undefined Weak Reference
    _microlib_exit                            - Undefined Weak Reference
    _scanf_longlong                           - Undefined Weak Reference
    _scanf_real                               - Undefined Weak Reference
    _scanf_string                             - Undefined Weak Reference
    __Vectors_Size                           0x00000188   Number         0  startup_stm32f407xx.o ABSOLUTE
    __Vectors                                0x08000000   Data           4  startup_stm32f407xx.o(RESET)
    __Vectors_End                            0x08000188   Data           0  startup_stm32f407xx.o(RESET)
    __main                                   0x08000189   Thumb Code     0  entry.o(.ARM.Collect$$$$00000000)
    _main_stk                                0x08000189   Thumb Code     0  entry2.o(.ARM.Collect$$$$00000001)
    _main_scatterload                        0x0800018d   Thumb Code     0  entry5.o(.ARM.Collect$$$$00000004)
    __main_after_scatterload                 0x08000191   Thumb Code     0  entry5.o(.ARM.Collect$$$$00000004)
    _main_clock                              0x08000191   Thumb Code     0  entry7b.o(.ARM.Collect$$$$00000008)
    _main_cpp_init                           0x08000191   Thumb Code     0  entry8b.o(.ARM.Collect$$$$0000000A)
    _main_init                               0x08000191   Thumb Code     0  entry9a.o(.ARM.Collect$$$$0000000B)
    __rt_final_cpp                           0x08000199   Thumb Code     0  entry10a.o(.ARM.Collect$$$$0000000D)
    __rt_final_exit                          0x08000199   Thumb Code     0  entry11a.o(.ARM.Collect$$$$0000000F)
    Reset_Handler                            0x0800019d   Thumb Code     8  startup_stm32f407xx.o(.text)
    CAN1_RX1_IRQHandler                      0x080001b7   Thumb Code     0  startup_stm32f407xx.o(.text)
    CAN1_SCE_IRQHandler                      0x080001b7   Thumb Code     0  startup_stm32f407xx.o(.text)
    CAN2_SCE_IRQHandler                      0x080001b7   Thumb Code     0  startup_stm32f407xx.o(.text)
    DCMI_IRQHandler                          0x080001b7   Thumb Code     0  startup_stm32f407xx.o(.text)
    DMA1_Stream0_IRQHandler                  0x080001b7   Thumb Code     0  startup_stm32f407xx.o(.text)
    DMA1_Stream1_IRQHandler                  0x080001b7   Thumb Code     0  startup_stm32f407xx.o(.text)
    DMA1_Stream2_IRQHandler                  0x080001b7   Thumb Code     0  startup_stm32f407xx.o(.text)
    DMA1_Stream3_IRQHandler                  0x080001b7   Thumb Code     0  startup_stm32f407xx.o(.text)
    DMA1_Stream4_IRQHandler                  0x080001b7   Thumb Code     0  startup_stm32f407xx.o(.text)
    DMA1_Stream5_IRQHandler                  0x080001b7   Thumb Code     0  startup_stm32f407xx.o(.text)
    DMA1_Stream6_IRQHandler                  0x080001b7   Thumb Code     0  startup_stm32f407xx.o(.text)
    DMA1_Stream7_IRQHandler                  0x080001b7   Thumb Code     0  startup_stm32f407xx.o(.text)
    DMA2_Stream1_IRQHandler                  0x080001b7   Thumb Code     0  startup_stm32f407xx.o(.text)
    DMA2_Stream2_IRQHandler                  0x080001b7   Thumb Code     0  startup_stm32f407xx.o(.text)
    DMA2_Stream3_IRQHandler                  0x080001b7   Thumb Code     0  startup_stm32f407xx.o(.text)
    DMA2_Stream4_IRQHandler                  0x080001b7   Thumb Code     0  startup_stm32f407xx.o(.text)
    DMA2_Stream5_IRQHandler                  0x080001b7   Thumb Code     0  startup_stm32f407xx.o(.text)
    DMA2_Stream6_IRQHandler                  0x080001b7   Thumb Code     0  startup_stm32f407xx.o(.text)
    DMA2_Stream7_IRQHandler                  0x080001b7   Thumb Code     0  startup_stm32f407xx.o(.text)
    ETH_IRQHandler                           0x080001b7   Thumb Code     0  startup_stm32f407xx.o(.text)
    ETH_WKUP_IRQHandler                      0x080001b7   Thumb Code     0  startup_stm32f407xx.o(.text)
    EXTI0_IRQHandler                         0x080001b7   Thumb Code     0  startup_stm32f407xx.o(.text)
    EXTI15_10_IRQHandler                     0x080001b7   Thumb Code     0  startup_stm32f407xx.o(.text)
    EXTI1_IRQHandler                         0x080001b7   Thumb Code     0  startup_stm32f407xx.o(.text)
    EXTI2_IRQHandler                         0x080001b7   Thumb Code     0  startup_stm32f407xx.o(.text)
    EXTI3_IRQHandler                         0x080001b7   Thumb Code     0  startup_stm32f407xx.o(.text)
    EXTI4_IRQHandler                         0x080001b7   Thumb Code     0  startup_stm32f407xx.o(.text)
    EXTI9_5_IRQHandler                       0x080001b7   Thumb Code     0  startup_stm32f407xx.o(.text)
    FLASH_IRQHandler                         0x080001b7   Thumb Code     0  startup_stm32f407xx.o(.text)
    FMC_IRQHandler                           0x080001b7   Thumb Code     0  startup_stm32f407xx.o(.text)
    FPU_IRQHandler                           0x080001b7   Thumb Code     0  startup_stm32f407xx.o(.text)
    HASH_RNG_IRQHandler                      0x080001b7   Thumb Code     0  startup_stm32f407xx.o(.text)
    I2C1_ER_IRQHandler                       0x080001b7   Thumb Code     0  startup_stm32f407xx.o(.text)
    I2C1_EV_IRQHandler                       0x080001b7   Thumb Code     0  startup_stm32f407xx.o(.text)
    I2C2_ER_IRQHandler                       0x080001b7   Thumb Code     0  startup_stm32f407xx.o(.text)
    I2C2_EV_IRQHandler                       0x080001b7   Thumb Code     0  startup_stm32f407xx.o(.text)
    I2C3_ER_IRQHandler                       0x080001b7   Thumb Code     0  startup_stm32f407xx.o(.text)
    I2C3_EV_IRQHandler                       0x080001b7   Thumb Code     0  startup_stm32f407xx.o(.text)
    OTG_FS_IRQHandler                        0x080001b7   Thumb Code     0  startup_stm32f407xx.o(.text)
    OTG_FS_WKUP_IRQHandler                   0x080001b7   Thumb Code     0  startup_stm32f407xx.o(.text)
    OTG_HS_EP1_IN_IRQHandler                 0x080001b7   Thumb Code     0  startup_stm32f407xx.o(.text)
    OTG_HS_EP1_OUT_IRQHandler                0x080001b7   Thumb Code     0  startup_stm32f407xx.o(.text)
    OTG_HS_IRQHandler                        0x080001b7   Thumb Code     0  startup_stm32f407xx.o(.text)
    OTG_HS_WKUP_IRQHandler                   0x080001b7   Thumb Code     0  startup_stm32f407xx.o(.text)
    PVD_IRQHandler                           0x080001b7   Thumb Code     0  startup_stm32f407xx.o(.text)
    RCC_IRQHandler                           0x080001b7   Thumb Code     0  startup_stm32f407xx.o(.text)
    RTC_Alarm_IRQHandler                     0x080001b7   Thumb Code     0  startup_stm32f407xx.o(.text)
    RTC_WKUP_IRQHandler                      0x080001b7   Thumb Code     0  startup_stm32f407xx.o(.text)
    SDIO_IRQHandler                          0x080001b7   Thumb Code     0  startup_stm32f407xx.o(.text)
    SPI1_IRQHandler                          0x080001b7   Thumb Code     0  startup_stm32f407xx.o(.text)
    SPI2_IRQHandler                          0x080001b7   Thumb Code     0  startup_stm32f407xx.o(.text)
    SPI3_IRQHandler                          0x080001b7   Thumb Code     0  startup_stm32f407xx.o(.text)
    TAMP_STAMP_IRQHandler                    0x080001b7   Thumb Code     0  startup_stm32f407xx.o(.text)
    TIM1_BRK_TIM9_IRQHandler                 0x080001b7   Thumb Code     0  startup_stm32f407xx.o(.text)
    TIM1_CC_IRQHandler                       0x080001b7   Thumb Code     0  startup_stm32f407xx.o(.text)
    TIM1_TRG_COM_TIM11_IRQHandler            0x080001b7   Thumb Code     0  startup_stm32f407xx.o(.text)
    TIM2_IRQHandler                          0x080001b7   Thumb Code     0  startup_stm32f407xx.o(.text)
    TIM3_IRQHandler                          0x080001b7   Thumb Code     0  startup_stm32f407xx.o(.text)
    TIM4_IRQHandler                          0x080001b7   Thumb Code     0  startup_stm32f407xx.o(.text)
    TIM5_IRQHandler                          0x080001b7   Thumb Code     0  startup_stm32f407xx.o(.text)
    TIM6_DAC_IRQHandler                      0x080001b7   Thumb Code     0  startup_stm32f407xx.o(.text)
    TIM8_BRK_TIM12_IRQHandler                0x080001b7   Thumb Code     0  startup_stm32f407xx.o(.text)
    TIM8_CC_IRQHandler                       0x080001b7   Thumb Code     0  startup_stm32f407xx.o(.text)
    TIM8_TRG_COM_TIM14_IRQHandler            0x080001b7   Thumb Code     0  startup_stm32f407xx.o(.text)
    TIM8_UP_TIM13_IRQHandler                 0x080001b7   Thumb Code     0  startup_stm32f407xx.o(.text)
    USART1_IRQHandler                        0x080001b7   Thumb Code     0  startup_stm32f407xx.o(.text)
    USART3_IRQHandler                        0x080001b7   Thumb Code     0  startup_stm32f407xx.o(.text)
    USART6_IRQHandler                        0x080001b7   Thumb Code     0  startup_stm32f407xx.o(.text)
    WWDG_IRQHandler                          0x080001b7   Thumb Code     0  startup_stm32f407xx.o(.text)
    __aeabi_uldivmod                         0x080001c1   Thumb Code    98  uldiv.o(.text)
    __aeabi_memcpy                           0x08000223   Thumb Code    36  memcpya.o(.text)
    __aeabi_memcpy4                          0x08000223   Thumb Code     0  memcpya.o(.text)
    __aeabi_memcpy8                          0x08000223   Thumb Code     0  memcpya.o(.text)
    __aeabi_memset                           0x08000247   Thumb Code    14  memseta.o(.text)
    __aeabi_memset4                          0x08000247   Thumb Code     0  memseta.o(.text)
    __aeabi_memset8                          0x08000247   Thumb Code     0  memseta.o(.text)
    __aeabi_memclr                           0x08000255   Thumb Code     4  memseta.o(.text)
    __aeabi_memclr4                          0x08000255   Thumb Code     0  memseta.o(.text)
    __aeabi_memclr8                          0x08000255   Thumb Code     0  memseta.o(.text)
    _memset$wrapper                          0x08000259   Thumb Code    18  memseta.o(.text)
    strlen                                   0x0800026b   Thumb Code    14  strlen.o(.text)
    __0sscanf                                0x08000279   Thumb Code    48  __0sscanf.o(.text)
    _scanf_int                               0x080002b1   Thumb Code   332  _scanf_int.o(.text)
    __aeabi_dadd                             0x080003fd   Thumb Code   322  dadd.o(.text)
    __aeabi_dsub                             0x0800053f   Thumb Code     6  dadd.o(.text)
    __aeabi_drsub                            0x08000545   Thumb Code     6  dadd.o(.text)
    __aeabi_dmul                             0x0800054b   Thumb Code   228  dmul.o(.text)
    __aeabi_ddiv                             0x0800062f   Thumb Code   222  ddiv.o(.text)
    __aeabi_i2d                              0x0800070d   Thumb Code    34  dflti.o(.text)
    __aeabi_d2iz                             0x0800072f   Thumb Code    62  dfixi.o(.text)
    __aeabi_f2d                              0x0800076d   Thumb Code    38  f2d.o(.text)
    __aeabi_cdcmpeq                          0x08000795   Thumb Code     0  cdcmple.o(.text)
    __aeabi_cdcmple                          0x08000795   Thumb Code    48  cdcmple.o(.text)
    __aeabi_cdrcmple                         0x080007c5   Thumb Code    48  cdrcmple.o(.text)
    __aeabi_d2f                              0x080007f5   Thumb Code    56  d2f.o(.text)
    __aeabi_uidiv                            0x0800082d   Thumb Code     0  uidiv.o(.text)
    __aeabi_uidivmod                         0x0800082d   Thumb Code    44  uidiv.o(.text)
    __aeabi_llsl                             0x08000859   Thumb Code    30  llshl.o(.text)
    _ll_shift_l                              0x08000859   Thumb Code     0  llshl.o(.text)
    __aeabi_llsr                             0x08000877   Thumb Code    32  llushr.o(.text)
    _ll_ushift_r                             0x08000877   Thumb Code     0  llushr.o(.text)
    __aeabi_lasr                             0x08000897   Thumb Code    36  llsshr.o(.text)
    _ll_sshift_r                             0x08000897   Thumb Code     0  llsshr.o(.text)
    _chval                                   0x080008bb   Thumb Code    28  _chval.o(.text)
    __vfscanf_char                           0x080008e5   Thumb Code    20  scanf_char.o(.text)
    _sgetc                                   0x08000901   Thumb Code    30  _sgetc.o(.text)
    _sbackspace                              0x0800091f   Thumb Code    34  _sgetc.o(.text)
    __I$use$fp                               0x08000941   Thumb Code     0  iusefp.o(.text)
    _float_round                             0x08000941   Thumb Code    18  fepilogue.o(.text)
    _float_epilogue                          0x08000953   Thumb Code    92  fepilogue.o(.text)
    _double_round                            0x080009af   Thumb Code    30  depilogue.o(.text)
    _double_epilogue                         0x080009cd   Thumb Code   156  depilogue.o(.text)
    __aeabi_d2ulz                            0x08000a69   Thumb Code    48  dfixul.o(.text)
    __scatterload                            0x08000a99   Thumb Code    28  init.o(.text)
    __scatterload_rt2                        0x08000a99   Thumb Code     0  init.o(.text)
    isspace                                  0x08000abd   Thumb Code    10  isspace_c.o(.text)
    __vfscanf                                0x08000ac9   Thumb Code   808  _scanf.o(.text)
    __ctype_lookup                           0x08000df5   Thumb Code    34  ctype_c.o(.text)
    ADC_IRQHandler                           0x08000e1d   Thumb Code    10  stm32f4xx_it.o(i.ADC_IRQHandler)
    BusFault_Handler                         0x08000f8d   Thumb Code     4  stm32f4xx_it.o(i.BusFault_Handler)
    CAN1_RX0_IRQHandler                      0x08000f91   Thumb Code    10  stm32f4xx_it.o(i.CAN1_RX0_IRQHandler)
    CAN1_TX_IRQHandler                       0x08000fa1   Thumb Code    10  stm32f4xx_it.o(i.CAN1_TX_IRQHandler)
    CAN2_RX0_IRQHandler                      0x08000fb1   Thumb Code    10  stm32f4xx_it.o(i.CAN2_RX0_IRQHandler)
    CAN2_RX1_IRQHandler                      0x08000fc1   Thumb Code    10  stm32f4xx_it.o(i.CAN2_RX1_IRQHandler)
    CAN2_TX_IRQHandler                       0x08000fd1   Thumb Code    10  stm32f4xx_it.o(i.CAN2_TX_IRQHandler)
    DC_PID_Position_Ctrl                     0x08000fe1   Thumb Code   524  main.o(i.DC_PID_Position_Ctrl)
    DC_PID_Speed_Ctrl                        0x08001239   Thumb Code  2260  main.o(i.DC_PID_Speed_Ctrl)
    DMA2_Stream0_IRQHandler                  0x08001b19   Thumb Code    10  stm32f4xx_it.o(i.DMA2_Stream0_IRQHandler)
    DebugMon_Handler                         0x08001c07   Thumb Code     2  stm32f4xx_it.o(i.DebugMon_Handler)
    Error_Handler                            0x08001c09   Thumb Code     2  main.o(i.Error_Handler)
    HAL_ADCEx_InjectedConvCpltCallback       0x08001c0b   Thumb Code     2  stm32f4xx_hal_adc_ex.o(i.HAL_ADCEx_InjectedConvCpltCallback)
    HAL_ADC_ConfigChannel                    0x08001c0d   Thumb Code   380  stm32f4xx_hal_adc.o(i.HAL_ADC_ConfigChannel)
    HAL_ADC_ConvCpltCallback                 0x08001d99   Thumb Code     2  stm32f4xx_hal_adc.o(i.HAL_ADC_ConvCpltCallback)
    HAL_ADC_ErrorCallback                    0x08001d9b   Thumb Code     2  stm32f4xx_hal_adc.o(i.HAL_ADC_ErrorCallback)
    HAL_ADC_IRQHandler                       0x08001d9d   Thumb Code   372  stm32f4xx_hal_adc.o(i.HAL_ADC_IRQHandler)
    HAL_ADC_Init                             0x08001f11   Thumb Code   100  stm32f4xx_hal_adc.o(i.HAL_ADC_Init)
    HAL_ADC_LevelOutOfWindowCallback         0x08001f79   Thumb Code     2  stm32f4xx_hal_adc.o(i.HAL_ADC_LevelOutOfWindowCallback)
    HAL_ADC_MspInit                          0x08001f7d   Thumb Code   190  stm32f4xx_hal_msp.o(i.HAL_ADC_MspInit)
    HAL_CAN_ErrorCallback                    0x08002051   Thumb Code     2  stm32f4xx_hal_can.o(i.HAL_CAN_ErrorCallback)
    HAL_CAN_IRQHandler                       0x08002053   Thumb Code   590  stm32f4xx_hal_can.o(i.HAL_CAN_IRQHandler)
    HAL_CAN_Init                             0x080022a1   Thumb Code   372  stm32f4xx_hal_can.o(i.HAL_CAN_Init)
    HAL_CAN_MspInit                          0x08002415   Thumb Code   380  stm32f4xx_hal_msp.o(i.HAL_CAN_MspInit)
    HAL_CAN_RxFifo0FullCallback              0x080025a5   Thumb Code     2  stm32f4xx_hal_can.o(i.HAL_CAN_RxFifo0FullCallback)
    HAL_CAN_RxFifo0MsgPendingCallback        0x080025a7   Thumb Code     2  stm32f4xx_hal_can.o(i.HAL_CAN_RxFifo0MsgPendingCallback)
    HAL_CAN_RxFifo1FullCallback              0x080025a9   Thumb Code     2  stm32f4xx_hal_can.o(i.HAL_CAN_RxFifo1FullCallback)
    HAL_CAN_RxFifo1MsgPendingCallback        0x080025ab   Thumb Code     2  stm32f4xx_hal_can.o(i.HAL_CAN_RxFifo1MsgPendingCallback)
    HAL_CAN_SleepCallback                    0x080025ad   Thumb Code     2  stm32f4xx_hal_can.o(i.HAL_CAN_SleepCallback)
    HAL_CAN_TxMailbox0AbortCallback          0x080025af   Thumb Code     2  stm32f4xx_hal_can.o(i.HAL_CAN_TxMailbox0AbortCallback)
    HAL_CAN_TxMailbox0CompleteCallback       0x080025b1   Thumb Code     2  stm32f4xx_hal_can.o(i.HAL_CAN_TxMailbox0CompleteCallback)
    HAL_CAN_TxMailbox1AbortCallback          0x080025b3   Thumb Code     2  stm32f4xx_hal_can.o(i.HAL_CAN_TxMailbox1AbortCallback)
    HAL_CAN_TxMailbox1CompleteCallback       0x080025b5   Thumb Code     2  stm32f4xx_hal_can.o(i.HAL_CAN_TxMailbox1CompleteCallback)
    HAL_CAN_TxMailbox2AbortCallback          0x080025b7   Thumb Code     2  stm32f4xx_hal_can.o(i.HAL_CAN_TxMailbox2AbortCallback)
    HAL_CAN_TxMailbox2CompleteCallback       0x080025b9   Thumb Code     2  stm32f4xx_hal_can.o(i.HAL_CAN_TxMailbox2CompleteCallback)
    HAL_CAN_WakeUpFromRxMsgCallback          0x080025bb   Thumb Code     2  stm32f4xx_hal_can.o(i.HAL_CAN_WakeUpFromRxMsgCallback)
    HAL_DMA_Abort_IT                         0x080025bd   Thumb Code    40  stm32f4xx_hal_dma.o(i.HAL_DMA_Abort_IT)
    HAL_DMA_IRQHandler                       0x080025e5   Thumb Code   570  stm32f4xx_hal_dma.o(i.HAL_DMA_IRQHandler)
    HAL_DMA_Init                             0x08002825   Thumb Code   232  stm32f4xx_hal_dma.o(i.HAL_DMA_Init)
    HAL_Delay                                0x08002911   Thumb Code    36  stm32f4xx_hal.o(i.HAL_Delay)
    HAL_GPIO_Init                            0x08002939   Thumb Code   466  stm32f4xx_hal_gpio.o(i.HAL_GPIO_Init)
    HAL_GPIO_ReadPin                         0x08002b39   Thumb Code    16  stm32f4xx_hal_gpio.o(i.HAL_GPIO_ReadPin)
    HAL_GPIO_TogglePin                       0x08002b49   Thumb Code    18  stm32f4xx_hal_gpio.o(i.HAL_GPIO_TogglePin)
    HAL_GPIO_WritePin                        0x08002b5b   Thumb Code    12  stm32f4xx_hal_gpio.o(i.HAL_GPIO_WritePin)
    HAL_GetTick                              0x08002b69   Thumb Code     6  stm32f4xx_hal.o(i.HAL_GetTick)
    HAL_I2C_Init                             0x08002b75   Thumb Code   446  stm32f4xx_hal_i2c.o(i.HAL_I2C_Init)
    HAL_I2C_MspInit                          0x08002d45   Thumb Code   122  stm32f4xx_hal_msp.o(i.HAL_I2C_MspInit)
    HAL_IncTick                              0x08002dcd   Thumb Code    16  stm32f4xx_hal.o(i.HAL_IncTick)
    HAL_Init                                 0x08002de5   Thumb Code    54  stm32f4xx_hal.o(i.HAL_Init)
    HAL_InitTick                             0x08002e21   Thumb Code    64  stm32f4xx_hal.o(i.HAL_InitTick)
    HAL_MspInit                              0x08002e6d   Thumb Code    68  stm32f4xx_hal_msp.o(i.HAL_MspInit)
    HAL_NVIC_EnableIRQ                       0x08002eb5   Thumb Code    32  stm32f4xx_hal_cortex.o(i.HAL_NVIC_EnableIRQ)
    HAL_NVIC_SetPriority                     0x08002ed5   Thumb Code   124  stm32f4xx_hal_cortex.o(i.HAL_NVIC_SetPriority)
    HAL_NVIC_SetPriorityGrouping             0x08002f51   Thumb Code    32  stm32f4xx_hal_cortex.o(i.HAL_NVIC_SetPriorityGrouping)
    HAL_RCC_ClockConfig                      0x08002f79   Thumb Code   368  stm32f4xx_hal_rcc.o(i.HAL_RCC_ClockConfig)
    HAL_RCC_GetHCLKFreq                      0x080030fd   Thumb Code     6  stm32f4xx_hal_rcc.o(i.HAL_RCC_GetHCLKFreq)
    HAL_RCC_GetPCLK1Freq                     0x08003109   Thumb Code    22  stm32f4xx_hal_rcc.o(i.HAL_RCC_GetPCLK1Freq)
    HAL_RCC_GetPCLK2Freq                     0x08003129   Thumb Code    22  stm32f4xx_hal_rcc.o(i.HAL_RCC_GetPCLK2Freq)
    HAL_RCC_GetSysClockFreq                  0x08003149   Thumb Code   162  stm32f4xx_hal_rcc.o(i.HAL_RCC_GetSysClockFreq)
    HAL_RCC_OscConfig                        0x080031f9   Thumb Code  1152  stm32f4xx_hal_rcc.o(i.HAL_RCC_OscConfig)
    HAL_SPI_Init                             0x08003681   Thumb Code   140  stm32f4xx_hal_spi.o(i.HAL_SPI_Init)
    HAL_SPI_MspInit                          0x0800370d   Thumb Code   122  stm32f4xx_hal_msp.o(i.HAL_SPI_MspInit)
    HAL_SYSTICK_Config                       0x08003795   Thumb Code    52  stm32f4xx_hal_cortex.o(i.HAL_SYSTICK_Config)
    HAL_TIMEx_BreakCallback                  0x080037c9   Thumb Code     2  stm32f4xx_hal_tim_ex.o(i.HAL_TIMEx_BreakCallback)
    HAL_TIMEx_CommutCallback                 0x080037cb   Thumb Code     2  stm32f4xx_hal_tim_ex.o(i.HAL_TIMEx_CommutCallback)
    HAL_TIMEx_ConfigBreakDeadTime            0x080037cd   Thumb Code   116  stm32f4xx_hal_tim_ex.o(i.HAL_TIMEx_ConfigBreakDeadTime)
    HAL_TIMEx_MasterConfigSynchronization    0x08003841   Thumb Code   150  stm32f4xx_hal_tim_ex.o(i.HAL_TIMEx_MasterConfigSynchronization)
    HAL_TIM_Base_Init                        0x080038f5   Thumb Code    52  stm32f4xx_hal_tim.o(i.HAL_TIM_Base_Init)
    HAL_TIM_Base_MspInit                     0x08003929   Thumb Code   124  stm32f4xx_hal_msp.o(i.HAL_TIM_Base_MspInit)
    HAL_TIM_Base_Start_IT                    0x080039b1   Thumb Code    42  stm32f4xx_hal_tim.o(i.HAL_TIM_Base_Start_IT)
    HAL_TIM_Encoder_Init                     0x080039db   Thumb Code   174  stm32f4xx_hal_tim.o(i.HAL_TIM_Encoder_Init)
    HAL_TIM_Encoder_MspInit                  0x08003a89   Thumb Code   302  stm32f4xx_hal_msp.o(i.HAL_TIM_Encoder_MspInit)
    HAL_TIM_Encoder_Start                    0x08003bd1   Thumb Code    78  stm32f4xx_hal_tim.o(i.HAL_TIM_Encoder_Start)
    HAL_TIM_IC_CaptureCallback               0x08003c1f   Thumb Code     2  stm32f4xx_hal_tim.o(i.HAL_TIM_IC_CaptureCallback)
    HAL_TIM_IRQHandler                       0x08003c21   Thumb Code   406  stm32f4xx_hal_tim.o(i.HAL_TIM_IRQHandler)
    HAL_TIM_MspPostInit                      0x08003db9   Thumb Code   154  stm32f4xx_hal_msp.o(i.HAL_TIM_MspPostInit)
    HAL_TIM_OC_DelayElapsedCallback          0x08003e69   Thumb Code     2  stm32f4xx_hal_tim.o(i.HAL_TIM_OC_DelayElapsedCallback)
    HAL_TIM_PWM_ConfigChannel                0x08003e6b   Thumb Code   264  stm32f4xx_hal_tim.o(i.HAL_TIM_PWM_ConfigChannel)
    HAL_TIM_PWM_Init                         0x08003f73   Thumb Code    52  stm32f4xx_hal_tim.o(i.HAL_TIM_PWM_Init)
    HAL_TIM_PWM_MspInit                      0x08003fa9   Thumb Code    88  stm32f4xx_hal_msp.o(i.HAL_TIM_PWM_MspInit)
    HAL_TIM_PWM_PulseFinishedCallback        0x0800400d   Thumb Code     2  stm32f4xx_hal_tim.o(i.HAL_TIM_PWM_PulseFinishedCallback)
    HAL_TIM_PWM_Start                        0x08004011   Thumb Code    80  stm32f4xx_hal_tim.o(i.HAL_TIM_PWM_Start)
    HAL_TIM_PeriodElapsedCallback            0x08004069   Thumb Code   276  sbb_rcctim.o(i.HAL_TIM_PeriodElapsedCallback)
    HAL_TIM_TriggerCallback                  0x080041d5   Thumb Code     2  stm32f4xx_hal_tim.o(i.HAL_TIM_TriggerCallback)
    HAL_UART_ErrorCallback                   0x080041d7   Thumb Code     2  stm32f4xx_hal_uart.o(i.HAL_UART_ErrorCallback)
    HAL_UART_IRQHandler                      0x080041d9   Thumb Code   336  stm32f4xx_hal_uart.o(i.HAL_UART_IRQHandler)
    HAL_UART_Init                            0x0800432d   Thumb Code   114  stm32f4xx_hal_uart.o(i.HAL_UART_Init)
    HAL_UART_MspInit                         0x080043a1   Thumb Code   442  stm32f4xx_hal_msp.o(i.HAL_UART_MspInit)
    HAL_UART_Receive_IT                      0x08004579   Thumb Code   112  stm32f4xx_hal_uart.o(i.HAL_UART_Receive_IT)
    HAL_UART_RxCpltCallback                  0x080045e9   Thumb Code   310  main.o(i.HAL_UART_RxCpltCallback)
    HAL_UART_Transmit_IT                     0x08004745   Thumb Code    88  stm32f4xx_hal_uart.o(i.HAL_UART_Transmit_IT)
    HAL_UART_TxCpltCallback                  0x0800479d   Thumb Code   202  main.o(i.HAL_UART_TxCpltCallback)
    HardFault_Handler                        0x08004881   Thumb Code     4  stm32f4xx_it.o(i.HardFault_Handler)
    MemManage_Handler                        0x08004f41   Thumb Code     4  stm32f4xx_it.o(i.MemManage_Handler)
    NMI_Handler                              0x08004f45   Thumb Code     2  stm32f4xx_it.o(i.NMI_Handler)
    PendSV_Handler                           0x08004f47   Thumb Code     2  stm32f4xx_it.o(i.PendSV_Handler)
    SVC_Handler                              0x08004f49   Thumb Code     2  stm32f4xx_it.o(i.SVC_Handler)
    Send_UART5_data                          0x08004f4d   Thumb Code    76  main.o(i.Send_UART5_data)
    Send_USART2                              0x08004fa1   Thumb Code    70  main.o(i.Send_USART2)
    SysTick_Handler                          0x08004ff1   Thumb Code     8  stm32f4xx_it.o(i.SysTick_Handler)
    SystemClock_Config                       0x08004ff9   Thumb Code   170  main.o(i.SystemClock_Config)
    SystemInit                               0x080050ad   Thumb Code    24  system_stm32f4xx.o(i.SystemInit)
    TIM1_UP_TIM10_IRQHandler                 0x080050c9   Thumb Code    16  stm32f4xx_it.o(i.TIM1_UP_TIM10_IRQHandler)
    TIM7_IRQHandler                          0x080050e1   Thumb Code    10  stm32f4xx_it.o(i.TIM7_IRQHandler)
    TIM_Base_SetConfig                       0x080050f1   Thumb Code   170  stm32f4xx_hal_tim.o(i.TIM_Base_SetConfig)
    TIM_CCxChannelCmd                        0x080051c9   Thumb Code    34  stm32f4xx_hal_tim.o(i.TIM_CCxChannelCmd)
    TIM_OC2_SetConfig                        0x0800525d   Thumb Code   114  stm32f4xx_hal_tim.o(i.TIM_OC2_SetConfig)
    UART4_IRQHandler                         0x080053a5   Thumb Code    10  stm32f4xx_it.o(i.UART4_IRQHandler)
    UART5_IRQHandler                         0x080053b5   Thumb Code    10  stm32f4xx_it.o(i.UART5_IRQHandler)
    USART2_IRQHandler                        0x08005911   Thumb Code    10  stm32f4xx_it.o(i.USART2_IRQHandler)
    UsageFault_Handler                       0x08005921   Thumb Code     4  stm32f4xx_it.o(i.UsageFault_Handler)
    __0sprintf                               0x08005925   Thumb Code    34  printfa.o(i.__0sprintf)
    __1sprintf                               0x08005925   Thumb Code     0  printfa.o(i.__0sprintf)
    __2sprintf                               0x08005925   Thumb Code     0  printfa.o(i.__0sprintf)
    __c89sprintf                             0x08005925   Thumb Code     0  printfa.o(i.__0sprintf)
    sprintf                                  0x08005925   Thumb Code     0  printfa.o(i.__0sprintf)
    __hardfp_fabs                            0x08005985   Thumb Code    20  fabs.o(i.__hardfp_fabs)
    __scatterload_copy                       0x08005999   Thumb Code    14  handlers.o(i.__scatterload_copy)
    __scatterload_null                       0x080059a7   Thumb Code     2  handlers.o(i.__scatterload_null)
    __scatterload_zeroinit                   0x080059a9   Thumb Code    14  handlers.o(i.__scatterload_zeroinit)
    begin_BNO055                             0x08006275   Thumb Code   354  bno055.o(i.begin_BNO055)
    calcVector                               0x080063dd   Thumb Code   752  bno055.o(i.calcVector)
    calc_Goal_Speed                          0x080066e1   Thumb Code   782  main.o(i.calc_Goal_Speed)
    main                                     0x08006a45   Thumb Code  2582  main.o(i.main)
    mapf                                     0x08007471   Thumb Code   190  main.o(i.mapf)
    mapf2                                    0x08007539   Thumb Code   244  main.o(i.mapf2)
    reg_read                                 0x08007635   Thumb Code    54  bno055.o(i.reg_read)
    reg_write8                               0x08007671   Thumb Code    64  bno055.o(i.reg_write8)
    requestVector                            0x080076b5   Thumb Code    20  bno055.o(i.requestVector)
    sgn                                      0x080076cd   Thumb Code    20  main.o(i.sgn)
    AHBPrescTable                            0x080076e8   Data          16  system_stm32f4xx.o(.constdata)
    APBPrescTable                            0x080076f8   Data           8  system_stm32f4xx.o(.constdata)
    __ctype_categories                       0x08007700   Data          64  ctype_c.o(.constdata)
    Region$$Table$$Base                      0x08007740   Number         0  anon$$obj.o(Region$$Table)
    Region$$Table$$Limit                     0x08007760   Number         0  anon$$obj.o(Region$$Table)
    timFlg_1us                               0x20000000   Data           1  sbb_rcctim.o(.data)
    timCnt_1us                               0x20000004   Data           4  sbb_rcctim.o(.data)
    timCnt_1ms                               0x20000008   Data           4  sbb_rcctim.o(.data)
    timFlg_1ms                               0x2000000c   Data           2  sbb_rcctim.o(.data)
    timFlg_1ms_Cur                           0x2000000e   Data           2  sbb_rcctim.o(.data)
    timFlg_3ms                               0x20000010   Data           2  sbb_rcctim.o(.data)
    timFlg_5ms_BTSEND                        0x20000012   Data           2  sbb_rcctim.o(.data)
    timFlg_10ms                              0x20000014   Data           2  sbb_rcctim.o(.data)
    timFlg_10ms_Prg                          0x20000016   Data           2  sbb_rcctim.o(.data)
    timFlg_100ms                             0x20000018   Data           2  sbb_rcctim.o(.data)
    timFlg_1000ms                            0x2000001a   Data           2  sbb_rcctim.o(.data)
    timFlg_20ms_mid                          0x2000001c   Data           2  sbb_rcctim.o(.data)
    UART_ClearTime_Flg                       0x20000040   Data           1  main.o(.data)
    Joystick_ClearTime_Flg                   0x20000041   Data           1  main.o(.data)
    angular_speed                            0x20000042   Data           2  main.o(.data)
    linear_speed                             0x20000044   Data           2  main.o(.data)
    isMove                                   0x20000046   Data           1  main.o(.data)
    prevMove                                 0x20000047   Data           1  main.o(.data)
    stopState                                0x20000048   Data           1  main.o(.data)
    lEnc_Cnt                                 0x2000004c   Data           4  main.o(.data)
    rEnc_Cnt                                 0x20000050   Data           4  main.o(.data)
    lEnc_Cnt_prev                            0x20000054   Data           4  main.o(.data)
    rEnc_Cnt_prev                            0x20000058   Data           4  main.o(.data)
    dt_a                                     0x20000060   Data           8  main.o(.data)
    dt_Idx                                   0x20000068   Data           2  main.o(.data)
    dt_end                                   0x2000006a   Data           2  main.o(.data)
    EncL_Idx                                 0x2000006c   Data           2  main.o(.data)
    EncL_end                                 0x2000006e   Data           2  main.o(.data)
    EncR_Idx                                 0x20000070   Data           2  main.o(.data)
    EncR_end                                 0x20000072   Data           2  main.o(.data)
    EncR_a                                   0x20000074   Data           2  main.o(.data)
    EncL_a                                   0x20000076   Data           2  main.o(.data)
    heading_Now                              0x20000078   Data           8  main.o(.data)
    heading_Goal                             0x20000080   Data           8  main.o(.data)
    heading_Err                              0x20000088   Data           8  main.o(.data)
    AngularSpeed_Goal                        0x20000090   Data           8  main.o(.data)
    AngularSpeed_Now                         0x20000098   Data           8  main.o(.data)
    AngularSpeed_Sensor                      0x200000a0   Data           8  main.o(.data)
    AngularX                                 0x200000a8   Data           8  main.o(.data)
    AngularY                                 0x200000b0   Data           8  main.o(.data)
    AngularSpeed_Err                         0x200000b8   Data           8  main.o(.data)
    AngleGoal                                0x200000c0   Data           8  main.o(.data)
    AngleSensor                              0x200000c8   Data           8  main.o(.data)
    AngleErr                                 0x200000d0   Data           8  main.o(.data)
    dataFlg                                  0x200000d8   Data           1  main.o(.data)
    testtmp                                  0x200000d9   Data           1  main.o(.data)
    uwTick                                   0x200000e0   Data           4  stm32f4xx_hal.o(.data)
    uwTickPrio                               0x200000e4   Data           4  stm32f4xx_hal.o(.data)
    uwTickFreq                               0x200000e8   Data           1  stm32f4xx_hal.o(.data)
    SystemCoreClock                          0x200000ec   Data           4  system_stm32f4xx.o(.data)
    hadc1                                    0x200000f0   Data          72  main.o(.bss)
    hdma_adc1                                0x20000138   Data          96  main.o(.bss)
    hcan1                                    0x20000198   Data          40  main.o(.bss)
    hcan2                                    0x200001c0   Data          40  main.o(.bss)
    hi2c1                                    0x200001e8   Data          84  main.o(.bss)
    hspi1                                    0x2000023c   Data          88  main.o(.bss)
    htim1                                    0x20000294   Data          64  main.o(.bss)
    htim3                                    0x200002d4   Data          64  main.o(.bss)
    htim4                                    0x20000314   Data          64  main.o(.bss)
    htim7                                    0x20000354   Data          64  main.o(.bss)
    htim8                                    0x20000394   Data          64  main.o(.bss)
    htim10                                   0x200003d4   Data          64  main.o(.bss)
    huart4                                   0x20000414   Data          64  main.o(.bss)
    huart5                                   0x20000454   Data          64  main.o(.bss)
    huart2                                   0x20000494   Data          64  main.o(.bss)
    UART_Rx                                  0x200004d4   Data         204  main.o(.bss)
    UART5_Tx                                 0x200005a0   Data         204  main.o(.bss)
    UART4_Tx                                 0x2000066c   Data         204  main.o(.bss)
    USART2_Tx                                0x20000738   Data         204  main.o(.bss)
    Joystick                                 0x20000804   Data          10  main.o(.bss)
    motor_R                                  0x20000810   Data          64  main.o(.bss)
    motor_L                                  0x20000850   Data          64  main.o(.bss)
    dt_t                                     0x20000890   Data         400  main.o(.bss)
    EncR_t                                   0x20000a20   Data         100  main.o(.bss)
    EncL_t                                   0x20000a84   Data         100  main.o(.bss)
    angles                                   0x20000ae8   Data          24  main.o(.bss)
    eulerAngle                               0x20000b00   Data          24  main.o(.bss)
    bno055                                   0x20000b18   Data         240  bno055.o(.bss)
    __initial_sp                             0x20001008   Data           0  startup_stm32f407xx.o(STACK)



==============================================================================

Memory Map of the image

  Image Entry point : 0x08000189

  Load Region LR_IROM1 (Base: 0x08000000, Size: 0x00007850, Max: 0x00100000, ABSOLUTE)

    Execution Region ER_IROM1 (Base: 0x08000000, Size: 0x00007760, Max: 0x00100000, ABSOLUTE)

    Base Addr    Size         Type   Attr      Idx    E Section Name        Object

    0x08000000   0x00000188   Data   RO            3    RESET               startup_stm32f407xx.o
    0x08000188   0x00000000   Code   RO         4550  * .ARM.Collect$$$$00000000  mc_w.l(entry.o)
    0x08000188   0x00000004   Code   RO         4848    .ARM.Collect$$$$00000001  mc_w.l(entry2.o)
    0x0800018c   0x00000004   Code   RO         4851    .ARM.Collect$$$$00000004  mc_w.l(entry5.o)
    0x08000190   0x00000000   Code   RO         4853    .ARM.Collect$$$$00000008  mc_w.l(entry7b.o)
    0x08000190   0x00000000   Code   RO         4855    .ARM.Collect$$$$0000000A  mc_w.l(entry8b.o)
    0x08000190   0x00000008   Code   RO         4856    .ARM.Collect$$$$0000000B  mc_w.l(entry9a.o)
    0x08000198   0x00000000   Code   RO         4858    .ARM.Collect$$$$0000000D  mc_w.l(entry10a.o)
    0x08000198   0x00000000   Code   RO         4860    .ARM.Collect$$$$0000000F  mc_w.l(entry11a.o)
    0x08000198   0x00000004   Code   RO         4849    .ARM.Collect$$$$00002712  mc_w.l(entry2.o)
    0x0800019c   0x00000024   Code   RO            4    .text               startup_stm32f407xx.o
    0x080001c0   0x00000062   Code   RO         4553    .text               mc_w.l(uldiv.o)
    0x08000222   0x00000024   Code   RO         4555    .text               mc_w.l(memcpya.o)
    0x08000246   0x00000024   Code   RO         4557    .text               mc_w.l(memseta.o)
    0x0800026a   0x0000000e   Code   RO         4559    .text               mc_w.l(strlen.o)
    0x08000278   0x00000038   Code   RO         4824    .text               mc_w.l(__0sscanf.o)
    0x080002b0   0x0000014c   Code   RO         4826    .text               mc_w.l(_scanf_int.o)
    0x080003fc   0x0000014e   Code   RO         4828    .text               mf_w.l(dadd.o)
    0x0800054a   0x000000e4   Code   RO         4830    .text               mf_w.l(dmul.o)
    0x0800062e   0x000000de   Code   RO         4832    .text               mf_w.l(ddiv.o)
    0x0800070c   0x00000022   Code   RO         4836    .text               mf_w.l(dflti.o)
    0x0800072e   0x0000003e   Code   RO         4838    .text               mf_w.l(dfixi.o)
    0x0800076c   0x00000026   Code   RO         4840    .text               mf_w.l(f2d.o)
    0x08000792   0x00000002   PAD
    0x08000794   0x00000030   Code   RO         4842    .text               mf_w.l(cdcmple.o)
    0x080007c4   0x00000030   Code   RO         4844    .text               mf_w.l(cdrcmple.o)
    0x080007f4   0x00000038   Code   RO         4846    .text               mf_w.l(d2f.o)
    0x0800082c   0x0000002c   Code   RO         4865    .text               mc_w.l(uidiv.o)
    0x08000858   0x0000001e   Code   RO         4867    .text               mc_w.l(llshl.o)
    0x08000876   0x00000020   Code   RO         4869    .text               mc_w.l(llushr.o)
    0x08000896   0x00000024   Code   RO         4871    .text               mc_w.l(llsshr.o)
    0x080008ba   0x0000001c   Code   RO         4873    .text               mc_w.l(_chval.o)
    0x080008d6   0x00000002   PAD
    0x080008d8   0x00000028   Code   RO         4875    .text               mc_w.l(scanf_char.o)
    0x08000900   0x00000040   Code   RO         4877    .text               mc_w.l(_sgetc.o)
    0x08000940   0x00000000   Code   RO         4879    .text               mc_w.l(iusefp.o)
    0x08000940   0x0000006e   Code   RO         4880    .text               mf_w.l(fepilogue.o)
    0x080009ae   0x000000ba   Code   RO         4882    .text               mf_w.l(depilogue.o)
    0x08000a68   0x00000030   Code   RO         4884    .text               mf_w.l(dfixul.o)
    0x08000a98   0x00000024   Code   RO         4886    .text               mc_w.l(init.o)
    0x08000abc   0x0000000a   Code   RO         4889    .text               mc_w.l(isspace_c.o)
    0x08000ac6   0x00000002   PAD
    0x08000ac8   0x0000032c   Code   RO         4891    .text               mc_w.l(_scanf.o)
    0x08000df4   0x00000028   Code   RO         4894    .text               mc_w.l(ctype_c.o)
    0x08000e1c   0x00000010   Code   RO          390    i.ADC_IRQHandler    stm32f4xx_it.o
    0x08000e2c   0x00000160   Code   RO          745    i.ADC_Init          stm32f4xx_hal_adc.o
    0x08000f8c   0x00000004   Code   RO          391    i.BusFault_Handler  stm32f4xx_it.o
    0x08000f90   0x00000010   Code   RO          392    i.CAN1_RX0_IRQHandler  stm32f4xx_it.o
    0x08000fa0   0x00000010   Code   RO          393    i.CAN1_TX_IRQHandler  stm32f4xx_it.o
    0x08000fb0   0x00000010   Code   RO          394    i.CAN2_RX0_IRQHandler  stm32f4xx_it.o
    0x08000fc0   0x00000010   Code   RO          395    i.CAN2_RX1_IRQHandler  stm32f4xx_it.o
    0x08000fd0   0x00000010   Code   RO          396    i.CAN2_TX_IRQHandler  stm32f4xx_it.o
    0x08000fe0   0x00000258   Code   RO          159    i.DC_PID_Position_Ctrl  main.o
    0x08001238   0x000008e0   Code   RO          160    i.DC_PID_Speed_Ctrl  main.o
    0x08001b18   0x00000010   Code   RO          397    i.DMA2_Stream0_IRQHandler  stm32f4xx_it.o
    0x08001b28   0x00000034   Code   RO         1521    i.DMA_CalcBaseAndBitshift  stm32f4xx_hal_dma.o
    0x08001b5c   0x000000aa   Code   RO         1522    i.DMA_CheckFifoParam  stm32f4xx_hal_dma.o
    0x08001c06   0x00000002   Code   RO          398    i.DebugMon_Handler  stm32f4xx_it.o
    0x08001c08   0x00000002   Code   RO          161    i.Error_Handler     main.o
    0x08001c0a   0x00000002   Code   RO          916    i.HAL_ADCEx_InjectedConvCpltCallback  stm32f4xx_hal_adc_ex.o
    0x08001c0c   0x0000018c   Code   RO          747    i.HAL_ADC_ConfigChannel  stm32f4xx_hal_adc.o
    0x08001d98   0x00000002   Code   RO          748    i.HAL_ADC_ConvCpltCallback  stm32f4xx_hal_adc.o
    0x08001d9a   0x00000002   Code   RO          751    i.HAL_ADC_ErrorCallback  stm32f4xx_hal_adc.o
    0x08001d9c   0x00000174   Code   RO          755    i.HAL_ADC_IRQHandler  stm32f4xx_hal_adc.o
    0x08001f10   0x00000068   Code   RO          756    i.HAL_ADC_Init      stm32f4xx_hal_adc.o
    0x08001f78   0x00000002   Code   RO          757    i.HAL_ADC_LevelOutOfWindowCallback  stm32f4xx_hal_adc.o
    0x08001f7a   0x00000002   PAD
    0x08001f7c   0x000000d4   Code   RO          539    i.HAL_ADC_MspInit   stm32f4xx_hal_msp.o
    0x08002050   0x00000002   Code   RO         2205    i.HAL_CAN_ErrorCallback  stm32f4xx_hal_can.o
    0x08002052   0x0000024e   Code   RO         2212    i.HAL_CAN_IRQHandler  stm32f4xx_hal_can.o
    0x080022a0   0x00000174   Code   RO         2213    i.HAL_CAN_Init      stm32f4xx_hal_can.o
    0x08002414   0x00000190   Code   RO          541    i.HAL_CAN_MspInit   stm32f4xx_hal_msp.o
    0x080025a4   0x00000002   Code   RO         2220    i.HAL_CAN_RxFifo0FullCallback  stm32f4xx_hal_can.o
    0x080025a6   0x00000002   Code   RO         2221    i.HAL_CAN_RxFifo0MsgPendingCallback  stm32f4xx_hal_can.o
    0x080025a8   0x00000002   Code   RO         2222    i.HAL_CAN_RxFifo1FullCallback  stm32f4xx_hal_can.o
    0x080025aa   0x00000002   Code   RO         2223    i.HAL_CAN_RxFifo1MsgPendingCallback  stm32f4xx_hal_can.o
    0x080025ac   0x00000002   Code   RO         2224    i.HAL_CAN_SleepCallback  stm32f4xx_hal_can.o
    0x080025ae   0x00000002   Code   RO         2227    i.HAL_CAN_TxMailbox0AbortCallback  stm32f4xx_hal_can.o
    0x080025b0   0x00000002   Code   RO         2228    i.HAL_CAN_TxMailbox0CompleteCallback  stm32f4xx_hal_can.o
    0x080025b2   0x00000002   Code   RO         2229    i.HAL_CAN_TxMailbox1AbortCallback  stm32f4xx_hal_can.o
    0x080025b4   0x00000002   Code   RO         2230    i.HAL_CAN_TxMailbox1CompleteCallback  stm32f4xx_hal_can.o
    0x080025b6   0x00000002   Code   RO         2231    i.HAL_CAN_TxMailbox2AbortCallback  stm32f4xx_hal_can.o
    0x080025b8   0x00000002   Code   RO         2232    i.HAL_CAN_TxMailbox2CompleteCallback  stm32f4xx_hal_can.o
    0x080025ba   0x00000002   Code   RO         2234    i.HAL_CAN_WakeUpFromRxMsgCallback  stm32f4xx_hal_can.o
    0x080025bc   0x00000028   Code   RO         1525    i.HAL_DMA_Abort_IT  stm32f4xx_hal_dma.o
    0x080025e4   0x00000240   Code   RO         1529    i.HAL_DMA_IRQHandler  stm32f4xx_hal_dma.o
    0x08002824   0x000000ec   Code   RO         1530    i.HAL_DMA_Init      stm32f4xx_hal_dma.o
    0x08002910   0x00000028   Code   RO         1948    i.HAL_Delay         stm32f4xx_hal.o
    0x08002938   0x00000200   Code   RO         1417    i.HAL_GPIO_Init     stm32f4xx_hal_gpio.o
    0x08002b38   0x00000010   Code   RO         1419    i.HAL_GPIO_ReadPin  stm32f4xx_hal_gpio.o
    0x08002b48   0x00000012   Code   RO         1420    i.HAL_GPIO_TogglePin  stm32f4xx_hal_gpio.o
    0x08002b5a   0x0000000c   Code   RO         1421    i.HAL_GPIO_WritePin  stm32f4xx_hal_gpio.o
    0x08002b66   0x00000002   PAD
    0x08002b68   0x0000000c   Code   RO         1954    i.HAL_GetTick       stm32f4xx_hal.o
    0x08002b74   0x000001d0   Code   RO         2444    i.HAL_I2C_Init      stm32f4xx_hal_i2c.o
    0x08002d44   0x00000088   Code   RO          543    i.HAL_I2C_MspInit   stm32f4xx_hal_msp.o
    0x08002dcc   0x00000018   Code   RO         1960    i.HAL_IncTick       stm32f4xx_hal.o
    0x08002de4   0x0000003c   Code   RO         1961    i.HAL_Init          stm32f4xx_hal.o
    0x08002e20   0x0000004c   Code   RO         1962    i.HAL_InitTick      stm32f4xx_hal.o
    0x08002e6c   0x00000048   Code   RO          544    i.HAL_MspInit       stm32f4xx_hal_msp.o
    0x08002eb4   0x00000020   Code   RO         1806    i.HAL_NVIC_EnableIRQ  stm32f4xx_hal_cortex.o
    0x08002ed4   0x0000007c   Code   RO         1812    i.HAL_NVIC_SetPriority  stm32f4xx_hal_cortex.o
    0x08002f50   0x00000028   Code   RO         1813    i.HAL_NVIC_SetPriorityGrouping  stm32f4xx_hal_cortex.o
    0x08002f78   0x00000184   Code   RO         1018    i.HAL_RCC_ClockConfig  stm32f4xx_hal_rcc.o
    0x080030fc   0x0000000c   Code   RO         1023    i.HAL_RCC_GetHCLKFreq  stm32f4xx_hal_rcc.o
    0x08003108   0x00000020   Code   RO         1025    i.HAL_RCC_GetPCLK1Freq  stm32f4xx_hal_rcc.o
    0x08003128   0x00000020   Code   RO         1026    i.HAL_RCC_GetPCLK2Freq  stm32f4xx_hal_rcc.o
    0x08003148   0x000000b0   Code   RO         1027    i.HAL_RCC_GetSysClockFreq  stm32f4xx_hal_rcc.o
    0x080031f8   0x00000488   Code   RO         1030    i.HAL_RCC_OscConfig  stm32f4xx_hal_rcc.o
    0x08003680   0x0000008c   Code   RO         2929    i.HAL_SPI_Init      stm32f4xx_hal_spi.o
    0x0800370c   0x00000088   Code   RO          546    i.HAL_SPI_MspInit   stm32f4xx_hal_msp.o
    0x08003794   0x00000034   Code   RO         1817    i.HAL_SYSTICK_Config  stm32f4xx_hal_cortex.o
    0x080037c8   0x00000002   Code   RO         3928    i.HAL_TIMEx_BreakCallback  stm32f4xx_hal_tim_ex.o
    0x080037ca   0x00000002   Code   RO         3929    i.HAL_TIMEx_CommutCallback  stm32f4xx_hal_tim_ex.o
    0x080037cc   0x00000074   Code   RO         3931    i.HAL_TIMEx_ConfigBreakDeadTime  stm32f4xx_hal_tim_ex.o
    0x08003840   0x000000b4   Code   RO         3946    i.HAL_TIMEx_MasterConfigSynchronization  stm32f4xx_hal_tim_ex.o
    0x080038f4   0x00000034   Code   RO         3242    i.HAL_TIM_Base_Init  stm32f4xx_hal_tim.o
    0x08003928   0x00000088   Code   RO          548    i.HAL_TIM_Base_MspInit  stm32f4xx_hal_msp.o
    0x080039b0   0x0000002a   Code   RO         3247    i.HAL_TIM_Base_Start_IT  stm32f4xx_hal_tim.o
    0x080039da   0x000000ae   Code   RO         3260    i.HAL_TIM_Encoder_Init  stm32f4xx_hal_tim.o
    0x08003a88   0x00000148   Code   RO          550    i.HAL_TIM_Encoder_MspInit  stm32f4xx_hal_msp.o
    0x08003bd0   0x0000004e   Code   RO         3263    i.HAL_TIM_Encoder_Start  stm32f4xx_hal_tim.o
    0x08003c1e   0x00000002   Code   RO         3271    i.HAL_TIM_IC_CaptureCallback  stm32f4xx_hal_tim.o
    0x08003c20   0x00000196   Code   RO         3285    i.HAL_TIM_IRQHandler  stm32f4xx_hal_tim.o
    0x08003db6   0x00000002   PAD
    0x08003db8   0x000000b0   Code   RO          551    i.HAL_TIM_MspPostInit  stm32f4xx_hal_msp.o
    0x08003e68   0x00000002   Code   RO         3288    i.HAL_TIM_OC_DelayElapsedCallback  stm32f4xx_hal_tim.o
    0x08003e6a   0x00000108   Code   RO         3309    i.HAL_TIM_PWM_ConfigChannel  stm32f4xx_hal_tim.o
    0x08003f72   0x00000034   Code   RO         3312    i.HAL_TIM_PWM_Init  stm32f4xx_hal_tim.o
    0x08003fa6   0x00000002   PAD
    0x08003fa8   0x00000064   Code   RO          553    i.HAL_TIM_PWM_MspInit  stm32f4xx_hal_msp.o
    0x0800400c   0x00000002   Code   RO         3315    i.HAL_TIM_PWM_PulseFinishedCallback  stm32f4xx_hal_tim.o
    0x0800400e   0x00000002   PAD
    0x08004010   0x00000058   Code   RO         3317    i.HAL_TIM_PWM_Start  stm32f4xx_hal_tim.o
    0x08004068   0x0000016c   Code   RO           13    i.HAL_TIM_PeriodElapsedCallback  sbb_rcctim.o
    0x080041d4   0x00000002   Code   RO         3328    i.HAL_TIM_TriggerCallback  stm32f4xx_hal_tim.o
    0x080041d6   0x00000002   Code   RO         4200    i.HAL_UART_ErrorCallback  stm32f4xx_hal_uart.o
    0x080041d8   0x00000154   Code   RO         4203    i.HAL_UART_IRQHandler  stm32f4xx_hal_uart.o
    0x0800432c   0x00000072   Code   RO         4204    i.HAL_UART_Init     stm32f4xx_hal_uart.o
    0x0800439e   0x00000002   PAD
    0x080043a0   0x000001d8   Code   RO          555    i.HAL_UART_MspInit  stm32f4xx_hal_msp.o
    0x08004578   0x00000070   Code   RO         4209    i.HAL_UART_Receive_IT  stm32f4xx_hal_uart.o
    0x080045e8   0x0000015c   Code   RO          162    i.HAL_UART_RxCpltCallback  main.o
    0x08004744   0x00000058   Code   RO         4214    i.HAL_UART_Transmit_IT  stm32f4xx_hal_uart.o
    0x0800479c   0x000000e4   Code   RO          163    i.HAL_UART_TxCpltCallback  main.o
    0x08004880   0x00000004   Code   RO          399    i.HardFault_Handler  stm32f4xx_it.o
    0x08004884   0x000000ac   Code   RO          164    i.MX_ADC1_Init      main.o
    0x08004930   0x00000044   Code   RO          165    i.MX_CAN1_Init      main.o
    0x08004974   0x00000044   Code   RO          166    i.MX_CAN2_Init      main.o
    0x080049b8   0x00000038   Code   RO          167    i.MX_DMA_Init       main.o
    0x080049f0   0x000001d4   Code   RO          168    i.MX_GPIO_Init      main.o
    0x08004bc4   0x0000003c   Code   RO          169    i.MX_I2C1_Init      main.o
    0x08004c00   0x00000044   Code   RO          170    i.MX_SPI1_Init      main.o
    0x08004c44   0x00000034   Code   RO          171    i.MX_TIM10_Init     main.o
    0x08004c78   0x0000007c   Code   RO          172    i.MX_TIM1_Init      main.o
    0x08004cf4   0x0000007c   Code   RO          173    i.MX_TIM3_Init      main.o
    0x08004d70   0x0000007c   Code   RO          174    i.MX_TIM4_Init      main.o
    0x08004dec   0x000000ac   Code   RO          176    i.MX_TIM8_Init      main.o
    0x08004e98   0x00000038   Code   RO          177    i.MX_UART4_Init     main.o
    0x08004ed0   0x00000038   Code   RO          178    i.MX_UART5_Init     main.o
    0x08004f08   0x00000038   Code   RO          179    i.MX_USART2_UART_Init  main.o
    0x08004f40   0x00000004   Code   RO          400    i.MemManage_Handler  stm32f4xx_it.o
    0x08004f44   0x00000002   Code   RO          401    i.NMI_Handler       stm32f4xx_it.o
    0x08004f46   0x00000002   Code   RO          402    i.PendSV_Handler    stm32f4xx_it.o
    0x08004f48   0x00000002   Code   RO          403    i.SVC_Handler       stm32f4xx_it.o
    0x08004f4a   0x00000002   PAD
    0x08004f4c   0x00000054   Code   RO          182    i.Send_UART5_data   main.o
    0x08004fa0   0x00000050   Code   RO          183    i.Send_USART2       main.o
    0x08004ff0   0x00000008   Code   RO          404    i.SysTick_Handler   stm32f4xx_it.o
    0x08004ff8   0x000000b4   Code   RO          184    i.SystemClock_Config  main.o
    0x080050ac   0x0000001c   Code   RO         4511    i.SystemInit        system_stm32f4xx.o
    0x080050c8   0x00000018   Code   RO          405    i.TIM1_UP_TIM10_IRQHandler  stm32f4xx_it.o
    0x080050e0   0x00000010   Code   RO          406    i.TIM7_IRQHandler   stm32f4xx_it.o
    0x080050f0   0x000000d8   Code   RO         3330    i.TIM_Base_SetConfig  stm32f4xx_hal_tim.o
    0x080051c8   0x00000022   Code   RO         3331    i.TIM_CCxChannelCmd  stm32f4xx_hal_tim.o
    0x080051ea   0x00000002   PAD
    0x080051ec   0x00000070   Code   RO         3343    i.TIM_OC1_SetConfig  stm32f4xx_hal_tim.o
    0x0800525c   0x0000007c   Code   RO         3344    i.TIM_OC2_SetConfig  stm32f4xx_hal_tim.o
    0x080052d8   0x00000078   Code   RO         3345    i.TIM_OC3_SetConfig  stm32f4xx_hal_tim.o
    0x08005350   0x00000054   Code   RO         3346    i.TIM_OC4_SetConfig  stm32f4xx_hal_tim.o
    0x080053a4   0x00000010   Code   RO          407    i.UART4_IRQHandler  stm32f4xx_it.o
    0x080053b4   0x00000010   Code   RO          408    i.UART5_IRQHandler  stm32f4xx_it.o
    0x080053c4   0x00000014   Code   RO         4217    i.UART_DMAAbortOnError  stm32f4xx_hal_uart.o
    0x080053d8   0x00000020   Code   RO         4227    i.UART_EndRxTransfer  stm32f4xx_hal_uart.o
    0x080053f8   0x00000020   Code   RO         4228    i.UART_EndTransmit_IT  stm32f4xx_hal_uart.o
    0x08005418   0x000000a6   Code   RO         4230    i.UART_Receive_IT   stm32f4xx_hal_uart.o
    0x080054be   0x00000002   PAD
    0x080054c0   0x000003e8   Code   RO         4231    i.UART_SetConfig    stm32f4xx_hal_uart.o
    0x080058a8   0x00000068   Code   RO         4232    i.UART_Transmit_IT  stm32f4xx_hal_uart.o
    0x08005910   0x00000010   Code   RO          409    i.USART2_IRQHandler  stm32f4xx_it.o
    0x08005920   0x00000004   Code   RO          410    i.UsageFault_Handler  stm32f4xx_it.o
    0x08005924   0x00000028   Code   RO         4798    i.__0sprintf        mc_w.l(printfa.o)
    0x0800594c   0x00000010   Code   RO         1819    i.__NVIC_GetPriorityGrouping  stm32f4xx_hal_cortex.o
    0x0800595c   0x00000028   Code   RO         1820    i.__NVIC_SetPriority  stm32f4xx_hal_cortex.o
    0x08005984   0x00000014   Code   RO         4544    i.__hardfp_fabs     m_wm.l(fabs.o)
    0x08005998   0x0000000e   Code   RO         4899    i.__scatterload_copy  mc_w.l(handlers.o)
    0x080059a6   0x00000002   Code   RO         4900    i.__scatterload_null  mc_w.l(handlers.o)
    0x080059a8   0x0000000e   Code   RO         4901    i.__scatterload_zeroinit  mc_w.l(handlers.o)
    0x080059b6   0x00000002   PAD
    0x080059b8   0x00000184   Code   RO         4803    i._fp_digits        mc_w.l(printfa.o)
    0x08005b3c   0x000006dc   Code   RO         4804    i._printf_core      mc_w.l(printfa.o)
    0x08006218   0x00000024   Code   RO         4805    i._printf_post_padding  mc_w.l(printfa.o)
    0x0800623c   0x0000002e   Code   RO         4806    i._printf_pre_padding  mc_w.l(printfa.o)
    0x0800626a   0x0000000a   Code   RO         4808    i._sputc            mc_w.l(printfa.o)
    0x08006274   0x00000168   Code   RO          667    i.begin_BNO055      bno055.o
    0x080063dc   0x00000304   Code   RO          668    i.calcVector        bno055.o
    0x080066e0   0x00000364   Code   RO          185    i.calc_Goal_Speed   main.o
    0x08006a44   0x00000a2c   Code   RO          186    i.main              main.o
    0x08007470   0x000000c8   Code   RO          189    i.mapf              main.o
    0x08007538   0x000000fc   Code   RO          190    i.mapf2             main.o
    0x08007634   0x0000003c   Code   RO          671    i.reg_read          bno055.o
    0x08007670   0x00000044   Code   RO          673    i.reg_write8        bno055.o
    0x080076b4   0x00000018   Code   RO          675    i.requestVector     bno055.o
    0x080076cc   0x00000014   Code   RO          191    i.sgn               main.o
    0x080076e0   0x00000008   Data   RO         1536    .constdata          stm32f4xx_hal_dma.o
    0x080076e8   0x00000018   Data   RO         4512    .constdata          system_stm32f4xx.o
    0x08007700   0x00000040   Data   RO         4895    .constdata          mc_w.l(ctype_c.o)
    0x08007740   0x00000020   Data   RO         4897    Region$$Table       anon$$obj.o


    Execution Region RW_IRAM1 (Base: 0x20000000, Size: 0x00001008, Max: 0x00020000, ABSOLUTE)

    Base Addr    Size         Type   Attr      Idx    E Section Name        Object

    0x20000000   0x00000040   Data   RW           14    .data               sbb_rcctim.o
    0x20000040   0x0000009a   Data   RW          193    .data               main.o
    0x200000da   0x00000002   PAD
    0x200000dc   0x00000004   Data   RW          556    .data               stm32f4xx_hal_msp.o
    0x200000e0   0x00000009   Data   RW         1968    .data               stm32f4xx_hal.o
    0x200000e9   0x00000003   PAD
    0x200000ec   0x00000004   Data   RW         4513    .data               system_stm32f4xx.o
    0x200000f0   0x00000a28   Zero   RW          192    .bss                main.o
    0x20000b18   0x000000f0   Zero   RW          676    .bss                bno055.o
    0x20000c08   0x00000400   Zero   RW            1    STACK               startup_stm32f407xx.o


==============================================================================

Image component sizes


      Code (inc. data)   RO Data    RW Data    ZI Data      Debug   Object Name

      1284         40          0          0        240       3605   bno055.o
      9462       1068          0        154       2600      21784   main.o
       364         88          0         64          0     737285   sbb_rcctim.o
        36          8        392          0       1024        844   startup_stm32f407xx.o
       212         36          0          9          0       9441   stm32f4xx_hal.o
      1230         28          0          0          0       5458   stm32f4xx_hal_adc.o
         2          0          0          0          0       1021   stm32f4xx_hal_adc_ex.o
       988          0          0          0          0      10483   stm32f4xx_hal_can.o
       304         22          0          0          0      34495   stm32f4xx_hal_cortex.o
      1074         16          8          0          0       4579   stm32f4xx_hal_dma.o
       558         46          0          0          0       3636   stm32f4xx_hal_gpio.o
       464         18          0          0          0       2055   stm32f4xx_hal_i2c.o
      2168        176          0          4          0       8362   stm32f4xx_hal_msp.o
      1800         84          0          0          0       5656   stm32f4xx_hal_rcc.o
       140          0          0          0          0       1179   stm32f4xx_hal_spi.o
      1854         90          0          0          0      13481   stm32f4xx_hal_tim.o
       300         30          0          0          0       3349   stm32f4xx_hal_tim_ex.o
      2010         12          0          0          0       8376   stm32f4xx_hal_uart.o
       232         74          0          0          0      10140   stm32f4xx_it.o
        28          4         24          4          0       1151   system_stm32f4xx.o

    ----------------------------------------------------------------------
     24528       1840        456        240       3864     886380   Object Totals
         0          0         32          0          0          0   (incl. Generated)
        18          0          0          5          0          0   (incl. Padding)

    ----------------------------------------------------------------------

      Code (inc. data)   RO Data    RW Data    ZI Data      Debug   Library Member Name

        20          0          0          0          0        124   fabs.o
        56          8          0          0          0         84   __0sscanf.o
        28          0          0          0          0         68   _chval.o
       812          4          0          0          0        112   _scanf.o
       332          0          0          0          0         96   _scanf_int.o
        64          0          0          0          0         84   _sgetc.o
        40          6         64          0          0         68   ctype_c.o
         0          0          0          0          0          0   entry.o
         0          0          0          0          0          0   entry10a.o
         0          0          0          0          0          0   entry11a.o
         8          4          0          0          0          0   entry2.o
         4          0          0          0          0          0   entry5.o
         0          0          0          0          0          0   entry7b.o
         0          0          0          0          0          0   entry8b.o
         8          4          0          0          0          0   entry9a.o
        30          0          0          0          0          0   handlers.o
        36          8          0          0          0         68   init.o
        10          0          0          0          0         68   isspace_c.o
         0          0          0          0          0          0   iusefp.o
        30          0          0          0          0         68   llshl.o
        36          0          0          0          0         68   llsshr.o
        32          0          0          0          0         68   llushr.o
        36          0          0          0          0         68   memcpya.o
        36          0          0          0          0        108   memseta.o
      2276         86          0          0          0        520   printfa.o
        40          8          0          0          0         84   scanf_char.o
        14          0          0          0          0         68   strlen.o
        44          0          0          0          0         80   uidiv.o
        98          0          0          0          0         92   uldiv.o
        48          0          0          0          0         68   cdcmple.o
        48          0          0          0          0         68   cdrcmple.o
        56          0          0          0          0         88   d2f.o
       334          0          0          0          0        148   dadd.o
       222          0          0          0          0        100   ddiv.o
       186          0          0          0          0        176   depilogue.o
        62          0          0          0          0         80   dfixi.o
        48          0          0          0          0         68   dfixul.o
        34          0          0          0          0         76   dflti.o
       228          0          0          0          0         96   dmul.o
        38          0          0          0          0         68   f2d.o
       110          0          0          0          0        168   fepilogue.o

    ----------------------------------------------------------------------
      5512        128         64          0          0       3200   Library Totals
         8          0          0          0          0          0   (incl. Padding)

    ----------------------------------------------------------------------

      Code (inc. data)   RO Data    RW Data    ZI Data      Debug   Library Name

        20          0          0          0          0        124   m_wm.l
      4070        128         64          0          0       1872   mc_w.l
      1414          0          0          0          0       1204   mf_w.l

    ----------------------------------------------------------------------
      5512        128         64          0          0       3200   Library Totals

    ----------------------------------------------------------------------

==============================================================================


      Code (inc. data)   RO Data    RW Data    ZI Data      Debug   

     30040       1968        520        240       3864     873820   Grand Totals
     30040       1968        520        240       3864     873820   ELF Image Totals
     30040       1968        520        240          0          0   ROM Totals

==============================================================================

    Total RO  Size (Code + RO Data)                30560 (  29.84kB)
    Total RW  Size (RW Data + ZI Data)              4104 (   4.01kB)
    Total ROM Size (Code + RO Data + RW Data)      30800 (  30.08kB)

==============================================================================

